<?xml version="1.0" encoding="ISO-8859-1" ?>
<link_info>
   <banner>TMS320C2000 Linker PC v22.6.1.LTS</banner>
   <copyright>Copyright (c) 1996-2018 Texas Instruments Incorporated</copyright>
   <link_time>0x678bbc7f</link_time>
   <link_errors>0x0</link_errors>
   <output_file>HV_Solar_DC_DC.out</output_file>
   <entry_point>
      <name>_c_int00</name>
      <address>0x3f534c</address>
   </entry_point>
   <input_file_list>
      <input_file id="fl-2">
         <path>.\</path>
         <kind>object</kind>
         <file>ADC_SOC_Cnf.obj</file>
         <name>ADC_SOC_Cnf.obj</name>
      </input_file>
      <input_file id="fl-3">
         <path>.\</path>
         <kind>object</kind>
         <file>DSP2803x_CodeStartBranch.obj</file>
         <name>DSP2803x_CodeStartBranch.obj</name>
      </input_file>
      <input_file id="fl-4">
         <path>.\</path>
         <kind>object</kind>
         <file>DSP2803x_usDelay.obj</file>
         <name>DSP2803x_usDelay.obj</name>
      </input_file>
      <input_file id="fl-5">
         <path>.\</path>
         <kind>object</kind>
         <file>F2806x_ECan.obj</file>
         <name>F2806x_ECan.obj</name>
      </input_file>
      <input_file id="fl-6">
         <path>.\</path>
         <kind>object</kind>
         <file>F2806x_GlobalVariableDefs.obj</file>
         <name>F2806x_GlobalVariableDefs.obj</name>
      </input_file>
      <input_file id="fl-7">
         <path>.\</path>
         <kind>object</kind>
         <file>HV_Solar_DC_DC-DPL-ISR.obj</file>
         <name>HV_Solar_DC_DC-DPL-ISR.obj</name>
      </input_file>
      <input_file id="fl-8">
         <path>.\</path>
         <kind>object</kind>
         <file>HV_Solar_DC_DC-Main.obj</file>
         <name>HV_Solar_DC_DC-Main.obj</name>
      </input_file>
      <input_file id="fl-9">
         <path>.\</path>
         <kind>object</kind>
         <file>HV_Solar_DC_DC_DevInit_F2803x.obj</file>
         <name>HV_Solar_DC_DC_DevInit_F2803x.obj</name>
      </input_file>
      <input_file id="fl-a">
         <path>.\</path>
         <kind>object</kind>
         <file>PWM_1ch_UpDwnCnt_Cnf.obj</file>
         <name>PWM_1ch_UpDwnCnt_Cnf.obj</name>
      </input_file>
      <input_file id="fl-b">
         <path>.\</path>
         <kind>object</kind>
         <file>PWM_ComplPairDB_Cnf.obj</file>
         <name>PWM_ComplPairDB_Cnf.obj</name>
      </input_file>
      <input_file id="fl-c">
         <path>.\</path>
         <kind>object</kind>
         <file>SciCommsGui.obj</file>
         <name>SciCommsGui.obj</name>
      </input_file>
      <input_file id="fl-d">
         <path>.\</path>
         <kind>object</kind>
         <file>SolarHv_DCDC-Lin.obj</file>
         <name>SolarHv_DCDC-Lin.obj</name>
      </input_file>
      <input_file id="fl-12">
         <kind>object</kind>
         <file>&lt;internal&gt;</file>
         <name>&lt;internal&gt;</name>
      </input_file>
      <input_file id="fl-13">
         <path>C:\ti\HV_SOLAR_DC_DC\libs\math\IQmath\v160\lib\</path>
         <kind>archive</kind>
         <file>IQmath.lib</file>
         <name>IQ24div.obj</name>
      </input_file>
      <input_file id="fl-14">
         <path>C:\ti\HV_SOLAR_DC_DC\libs\math\IQmath\v160\lib\</path>
         <kind>archive</kind>
         <file>IQmath.lib</file>
         <name>IQmathTables.obj</name>
      </input_file>
      <input_file id="fl-21">
         <path>C:\ti\ccs2001\ccs\tools\compiler\ti-cgt-c2000_22.6.1.LTS\lib\</path>
         <kind>archive</kind>
         <file>rts2800_ml.lib</file>
         <name>boot28.asm.obj</name>
      </input_file>
      <input_file id="fl-22">
         <path>C:\ti\ccs2001\ccs\tools\compiler\ti-cgt-c2000_22.6.1.LTS\lib\</path>
         <kind>archive</kind>
         <file>rts2800_ml.lib</file>
         <name>cpy_tbl.c.obj</name>
      </input_file>
      <input_file id="fl-23">
         <path>C:\ti\ccs2001\ccs\tools\compiler\ti-cgt-c2000_22.6.1.LTS\lib\</path>
         <kind>archive</kind>
         <file>rts2800_ml.lib</file>
         <name>memcpy.c.obj</name>
      </input_file>
      <input_file id="fl-24">
         <path>C:\ti\ccs2001\ccs\tools\compiler\ti-cgt-c2000_22.6.1.LTS\lib\</path>
         <kind>archive</kind>
         <file>rts2800_ml.lib</file>
         <name>pre_init.c.obj</name>
      </input_file>
      <input_file id="fl-25">
         <path>C:\ti\ccs2001\ccs\tools\compiler\ti-cgt-c2000_22.6.1.LTS\lib\</path>
         <kind>archive</kind>
         <file>rts2800_ml.lib</file>
         <name>startup.c.obj</name>
      </input_file>
      <input_file id="fl-26">
         <path>C:\ti\ccs2001\ccs\tools\compiler\ti-cgt-c2000_22.6.1.LTS\lib\</path>
         <kind>archive</kind>
         <file>rts2800_ml.lib</file>
         <name>exit.c.obj</name>
      </input_file>
      <input_file id="fl-27">
         <path>C:\ti\ccs2001\ccs\tools\compiler\ti-cgt-c2000_22.6.1.LTS\lib\</path>
         <kind>archive</kind>
         <file>rts2800_ml.lib</file>
         <name>_lock.c.obj</name>
      </input_file>
      <input_file id="fl-28">
         <path>C:\ti\ccs2001\ccs\tools\compiler\ti-cgt-c2000_22.6.1.LTS\lib\</path>
         <kind>archive</kind>
         <file>rts2800_ml.lib</file>
         <name>args_main.c.obj</name>
      </input_file>
   </input_file_list>
   <object_component_list>
      <object_component id="oc-b3">
         <name>.cinit</name>
         <load_address>0x3f547f</load_address>
         <run_address>0x3f547f</run_address>
         <size>0x54</size>
         <input_file_ref idref="fl-8"/>
      </object_component>
      <object_component id="oc-d2">
         <name>.cinit</name>
         <load_address>0x3f54d3</load_address>
         <run_address>0x3f54d3</run_address>
         <size>0x20</size>
         <input_file_ref idref="fl-d"/>
      </object_component>
      <object_component id="oc-122">
         <name>.cinit:_ACQPS</name>
         <load_address>0x3f54f3</load_address>
         <run_address>0x3f54f3</run_address>
         <size>0x13</size>
         <input_file_ref idref="fl-8"/>
      </object_component>
      <object_component id="oc-11e">
         <name>.cinit:_ChSel</name>
         <load_address>0x3f5506</load_address>
         <run_address>0x3f5506</run_address>
         <size>0x13</size>
         <input_file_ref idref="fl-8"/>
      </object_component>
      <object_component id="oc-120">
         <name>.cinit:_TrigSel</name>
         <load_address>0x3f5519</load_address>
         <run_address>0x3f5519</run_address>
         <size>0x13</size>
         <input_file_ref idref="fl-8"/>
      </object_component>
      <object_component id="oc-97">
         <name>.cinit:_ePWM</name>
         <load_address>0x3f552c</load_address>
         <run_address>0x3f552c</run_address>
         <size>0x13</size>
         <input_file_ref idref="fl-8"/>
      </object_component>
      <object_component id="oc-f6">
         <name>.cinit</name>
         <load_address>0x3f553f</load_address>
         <run_address>0x3f553f</run_address>
         <size>0xe</size>
         <input_file_ref idref="fl-26"/>
      </object_component>
      <object_component id="oc-7f">
         <name>.cinit:_Comp</name>
         <load_address>0x3f554d</load_address>
         <run_address>0x3f554d</run_address>
         <size>0xb</size>
         <input_file_ref idref="fl-8"/>
      </object_component>
      <object_component id="oc-111">
         <name>.cinit:__lock</name>
         <load_address>0x3f5558</load_address>
         <run_address>0x3f5558</run_address>
         <size>0x5</size>
         <input_file_ref idref="fl-27"/>
      </object_component>
      <object_component id="oc-129">
         <name>.cinit:__unlock</name>
         <load_address>0x3f555d</load_address>
         <run_address>0x3f555d</run_address>
         <size>0x5</size>
         <input_file_ref idref="fl-27"/>
      </object_component>
      <object_component id="oc-10f">
         <name>.text</name>
         <load_address>0x3f4000</load_address>
         <run_address>0x3f4000</run_address>
         <size>0x619</size>
         <input_file_ref idref="fl-8"/>
      </object_component>
      <object_component id="oc-115">
         <name>.text</name>
         <load_address>0x3f4619</load_address>
         <run_address>0x3f4619</run_address>
         <size>0x24c</size>
         <input_file_ref idref="fl-c"/>
      </object_component>
      <object_component id="oc-11b">
         <name>.text</name>
         <load_address>0x3f4865</load_address>
         <run_address>0x3f4865</run_address>
         <size>0x22b</size>
         <input_file_ref idref="fl-a"/>
      </object_component>
      <object_component id="oc-113">
         <name>.text</name>
         <load_address>0x3f4a90</load_address>
         <run_address>0x3f4a90</run_address>
         <size>0x1d5</size>
         <input_file_ref idref="fl-9"/>
      </object_component>
      <object_component id="oc-123">
         <name>.text</name>
         <load_address>0x3f4c65</load_address>
         <run_address>0x3f4c65</run_address>
         <size>0x1c2</size>
         <input_file_ref idref="fl-2"/>
      </object_component>
      <object_component id="oc-b6">
         <name>.text:retain</name>
         <load_address>0x3f4e27</load_address>
         <run_address>0x3f4e27</run_address>
         <size>0x17d</size>
         <input_file_ref idref="fl-8"/>
      </object_component>
      <object_component id="oc-11c">
         <name>.text</name>
         <load_address>0x3f4fa4</load_address>
         <run_address>0x3f4fa4</run_address>
         <size>0x172</size>
         <input_file_ref idref="fl-b"/>
      </object_component>
      <object_component id="oc-10d">
         <name>.text</name>
         <load_address>0x3f5116</load_address>
         <run_address>0x3f5116</run_address>
         <size>0x12e</size>
         <input_file_ref idref="fl-d"/>
      </object_component>
      <object_component id="oc-124">
         <name>.text</name>
         <load_address>0x3f5244</load_address>
         <run_address>0x3f5244</run_address>
         <size>0x9d</size>
         <input_file_ref idref="fl-5"/>
      </object_component>
      <object_component id="oc-a6">
         <name>.text</name>
         <load_address>0x3f52e1</load_address>
         <run_address>0x3f52e1</run_address>
         <size>0x6b</size>
         <input_file_ref idref="fl-7"/>
      </object_component>
      <object_component id="oc-53">
         <name>.text</name>
         <load_address>0x3f534c</load_address>
         <run_address>0x3f534c</run_address>
         <size>0x54</size>
         <input_file_ref idref="fl-21"/>
      </object_component>
      <object_component id="oc-d4">
         <name>.text:retain</name>
         <load_address>0x3f53a0</load_address>
         <run_address>0x3f53a0</run_address>
         <size>0x4b</size>
         <input_file_ref idref="fl-d"/>
      </object_component>
      <object_component id="oc-10a">
         <name>.text</name>
         <load_address>0x3f53eb</load_address>
         <run_address>0x3f53eb</run_address>
         <size>0x29</size>
         <input_file_ref idref="fl-26"/>
      </object_component>
      <object_component id="oc-107">
         <name>.text</name>
         <load_address>0x3f5414</load_address>
         <run_address>0x3f5414</run_address>
         <size>0x24</size>
         <input_file_ref idref="fl-22"/>
      </object_component>
      <object_component id="oc-10e">
         <name>.text</name>
         <load_address>0x3f5438</load_address>
         <run_address>0x3f5438</run_address>
         <size>0x1d</size>
         <input_file_ref idref="fl-23"/>
      </object_component>
      <object_component id="oc-109">
         <name>.text</name>
         <load_address>0x3f5455</load_address>
         <run_address>0x3f5455</run_address>
         <size>0x11</size>
         <input_file_ref idref="fl-28"/>
      </object_component>
      <object_component id="oc-128">
         <name>.text</name>
         <load_address>0x3f5466</load_address>
         <run_address>0x3f5466</run_address>
         <size>0x9</size>
         <input_file_ref idref="fl-27"/>
      </object_component>
      <object_component id="oc-59">
         <name>.text</name>
         <load_address>0x3f546f</load_address>
         <run_address>0x3f546f</run_address>
         <size>0x8</size>
         <input_file_ref idref="fl-3"/>
      </object_component>
      <object_component id="oc-bc">
         <name>.text:retain</name>
         <load_address>0x3f5477</load_address>
         <run_address>0x3f5477</run_address>
         <size>0x5</size>
         <input_file_ref idref="fl-9"/>
      </object_component>
      <object_component id="oc-106">
         <name>.text</name>
         <load_address>0x3f547c</load_address>
         <run_address>0x3f547c</run_address>
         <size>0x2</size>
         <input_file_ref idref="fl-24"/>
      </object_component>
      <object_component id="oc-108">
         <name>.text</name>
         <load_address>0x3f547e</load_address>
         <run_address>0x3f547e</run_address>
         <size>0x1</size>
         <input_file_ref idref="fl-25"/>
      </object_component>
      <object_component id="oc-5a">
         <name>codestart</name>
         <load_address>0x3f7ff6</load_address>
         <run_address>0x3f7ff6</run_address>
         <size>0x2</size>
         <input_file_ref idref="fl-3"/>
      </object_component>
      <object_component id="oc-ad">
         <name>ramfuncs</name>
         <load_address>0x3e8000</load_address>
         <run_address>0x8000</run_address>
         <size>0xdf</size>
         <input_file_ref idref="fl-7"/>
      </object_component>
      <object_component id="oc-114">
         <name>ramfuncs</name>
         <load_address>0x3e80df</load_address>
         <run_address>0x80df</run_address>
         <size>0x1b</size>
         <input_file_ref idref="fl-9"/>
      </object_component>
      <object_component id="oc-5f">
         <name>ramfuncs</name>
         <load_address>0x3e80fa</load_address>
         <run_address>0x80fa</run_address>
         <size>0x4</size>
         <input_file_ref idref="fl-4"/>
      </object_component>
      <object_component id="oc-db">
         <name>.stack</name>
         <uninitialized>true</uninitialized>
         <run_address>0x50</run_address>
         <size>0x0</size>
         <input_file_ref idref="fl-21"/>
      </object_component>
      <object_component id="oc-198">
         <name>.stack</name>
         <uninitialized>true</uninitialized>
         <run_address>0x50</run_address>
         <size>0x0</size>
      </object_component>
      <object_component id="oc-b4">
         <name>.ebss</name>
         <uninitialized>true</uninitialized>
         <run_address>0xa000</run_address>
         <size>0xba</size>
         <input_file_ref idref="fl-8"/>
      </object_component>
      <object_component id="oc-116">
         <name>.ebss:_VTimer0</name>
         <uninitialized>true</uninitialized>
         <run_address>0xa216</run_address>
         <size>0x4</size>
         <input_file_ref idref="fl-8"/>
      </object_component>
      <object_component id="oc-117">
         <name>.ebss:_VTimer1</name>
         <uninitialized>true</uninitialized>
         <run_address>0xa21a</run_address>
         <size>0x4</size>
         <input_file_ref idref="fl-8"/>
      </object_component>
      <object_component id="oc-118">
         <name>.ebss:_VTimer2</name>
         <uninitialized>true</uninitialized>
         <run_address>0xa21e</run_address>
         <size>0x4</size>
         <input_file_ref idref="fl-8"/>
      </object_component>
      <object_component id="oc-10b">
         <name>.ebss:_Comp</name>
         <uninitialized>true</uninitialized>
         <run_address>0xa1f0</run_address>
         <size>0x8</size>
         <input_file_ref idref="fl-8"/>
      </object_component>
      <object_component id="oc-125">
         <name>.ebss:_Hist_IL</name>
         <uninitialized>true</uninitialized>
         <run_address>0xa1f8</run_address>
         <size>0x8</size>
         <input_file_ref idref="fl-8"/>
      </object_component>
      <object_component id="oc-126">
         <name>.ebss:_Hist_Vb_fb</name>
         <uninitialized>true</uninitialized>
         <run_address>0xa200</run_address>
         <size>0x8</size>
         <input_file_ref idref="fl-8"/>
      </object_component>
      <object_component id="oc-127">
         <name>.ebss:_Hist_Vp_fb</name>
         <uninitialized>true</uninitialized>
         <run_address>0xa208</run_address>
         <size>0x8</size>
         <input_file_ref idref="fl-8"/>
      </object_component>
      <object_component id="oc-11d">
         <name>.ebss:_ChSel</name>
         <uninitialized>true</uninitialized>
         <run_address>0xa1c0</run_address>
         <size>0x10</size>
         <input_file_ref idref="fl-8"/>
      </object_component>
      <object_component id="oc-11f">
         <name>.ebss:_TrigSel</name>
         <uninitialized>true</uninitialized>
         <run_address>0xa1d0</run_address>
         <size>0x10</size>
         <input_file_ref idref="fl-8"/>
      </object_component>
      <object_component id="oc-121">
         <name>.ebss:_ACQPS</name>
         <uninitialized>true</uninitialized>
         <run_address>0xa1ae</run_address>
         <size>0x10</size>
         <input_file_ref idref="fl-8"/>
      </object_component>
      <object_component id="oc-10c">
         <name>.ebss:_ePWM</name>
         <uninitialized>true</uninitialized>
         <run_address>0xa1e0</run_address>
         <size>0x10</size>
         <input_file_ref idref="fl-8"/>
      </object_component>
      <object_component id="oc-119">
         <name>.ebss:_varSetTxtList</name>
         <uninitialized>true</uninitialized>
         <run_address>0xa160</run_address>
         <size>0x20</size>
         <input_file_ref idref="fl-8"/>
      </object_component>
      <object_component id="oc-12c">
         <name>.ebss:_varSetBtnList</name>
         <uninitialized>true</uninitialized>
         <run_address>0xa120</run_address>
         <size>0x20</size>
         <input_file_ref idref="fl-8"/>
      </object_component>
      <object_component id="oc-12d">
         <name>.ebss:_varSetSldrList</name>
         <uninitialized>true</uninitialized>
         <run_address>0xa140</run_address>
         <size>0x20</size>
         <input_file_ref idref="fl-8"/>
      </object_component>
      <object_component id="oc-11a">
         <name>.ebss:_varGetList</name>
         <uninitialized>true</uninitialized>
         <run_address>0xa100</run_address>
         <size>0x20</size>
         <input_file_ref idref="fl-8"/>
      </object_component>
      <object_component id="oc-12e">
         <name>.ebss:_arrayGetList</name>
         <uninitialized>true</uninitialized>
         <run_address>0xa0e0</run_address>
         <size>0x20</size>
         <input_file_ref idref="fl-8"/>
      </object_component>
      <object_component id="oc-cc">
         <name>.ebss</name>
         <uninitialized>true</uninitialized>
         <run_address>0xa19a</run_address>
         <size>0x14</size>
         <input_file_ref idref="fl-c"/>
      </object_component>
      <object_component id="oc-12a">
         <name>.ebss:_CmdPacket</name>
         <uninitialized>true</uninitialized>
         <run_address>0xa0ba</run_address>
         <size>0x6</size>
         <input_file_ref idref="fl-c"/>
      </object_component>
      <object_component id="oc-12b">
         <name>.ebss:_CmdDispatcher</name>
         <uninitialized>true</uninitialized>
         <run_address>0xa0c0</run_address>
         <size>0x20</size>
         <input_file_ref idref="fl-c"/>
      </object_component>
      <object_component id="oc-d3">
         <name>.ebss</name>
         <uninitialized>true</uninitialized>
         <run_address>0xa180</run_address>
         <size>0x1a</size>
         <input_file_ref idref="fl-d"/>
      </object_component>
      <object_component id="oc-112">
         <name>.ebss:_CmdPacketLin</name>
         <uninitialized>true</uninitialized>
         <run_address>0xa1be</run_address>
         <size>0x2</size>
         <input_file_ref idref="fl-d"/>
      </object_component>
      <object_component id="oc-f7">
         <name>.ebss</name>
         <uninitialized>true</uninitialized>
         <run_address>0xa210</run_address>
         <size>0x6</size>
         <input_file_ref idref="fl-26"/>
      </object_component>
      <object_component id="oc-110">
         <name>.ebss:__lock</name>
         <uninitialized>true</uninitialized>
         <run_address>0xa222</run_address>
         <size>0x2</size>
         <input_file_ref idref="fl-27"/>
      </object_component>
      <object_component id="oc-12f">
         <name>.ebss:__unlock</name>
         <uninitialized>true</uninitialized>
         <run_address>0xa224</run_address>
         <size>0x2</size>
         <input_file_ref idref="fl-27"/>
      </object_component>
      <object_component id="oc-d9">
         <name>IQmath</name>
         <load_address>0x3f5564</load_address>
         <run_address>0x3f5564</run_address>
         <size>0x47</size>
         <input_file_ref idref="fl-13"/>
      </object_component>
      <object_component id="oc-da">
         <name>IQmathTables</name>
         <load_address>0x3fdf00</load_address>
         <run_address>0x3fdf00</run_address>
         <size>0xb50</size>
         <input_file_ref idref="fl-14"/>
      </object_component>
      <object_component id="oc-dc">
         <name>.reset</name>
         <load_address>0x3fffc0</load_address>
         <run_address>0x3fffc0</run_address>
         <size>0x2</size>
         <input_file_ref idref="fl-21"/>
      </object_component>
      <object_component id="oc-a3">
         <name>PieVectTableFile</name>
         <uninitialized>true</uninitialized>
         <run_address>0xd00</run_address>
         <size>0x100</size>
         <input_file_ref idref="fl-6"/>
      </object_component>
      <object_component id="oc-6b">
         <name>EmuKeyVar</name>
         <uninitialized>true</uninitialized>
         <run_address>0xd00</run_address>
         <size>0x1</size>
         <input_file_ref idref="fl-6"/>
      </object_component>
      <object_component id="oc-6c">
         <name>EmuBModeVar</name>
         <uninitialized>true</uninitialized>
         <run_address>0xd01</run_address>
         <size>0x1</size>
         <input_file_ref idref="fl-6"/>
      </object_component>
      <object_component id="oc-6e">
         <name>FlashCallbackVar</name>
         <uninitialized>true</uninitialized>
         <run_address>0xd02</run_address>
         <size>0x2</size>
         <input_file_ref idref="fl-6"/>
      </object_component>
      <object_component id="oc-6d">
         <name>FlashScalingVar</name>
         <uninitialized>true</uninitialized>
         <run_address>0xd04</run_address>
         <size>0x2</size>
         <input_file_ref idref="fl-6"/>
      </object_component>
      <object_component id="oc-70">
         <name>DevEmuRegsFile</name>
         <uninitialized>true</uninitialized>
         <run_address>0x880</run_address>
         <size>0x4</size>
         <input_file_ref idref="fl-6"/>
      </object_component>
      <object_component id="oc-6f">
         <name>SysPwrCtrlRegsFile</name>
         <uninitialized>true</uninitialized>
         <run_address>0x985</run_address>
         <size>0x3</size>
         <input_file_ref idref="fl-6"/>
      </object_component>
      <object_component id="oc-75">
         <name>FlashRegsFile</name>
         <uninitialized>true</uninitialized>
         <run_address>0xa80</run_address>
         <size>0x8</size>
         <input_file_ref idref="fl-6"/>
      </object_component>
      <object_component id="oc-77">
         <name>CsmRegsFile</name>
         <uninitialized>true</uninitialized>
         <run_address>0xae0</run_address>
         <size>0x10</size>
         <input_file_ref idref="fl-6"/>
      </object_component>
      <object_component id="oc-76">
         <name>AdcResultFile</name>
         <uninitialized>true</uninitialized>
         <run_address>0xb00</run_address>
         <size>0x10</size>
         <input_file_ref idref="fl-6"/>
      </object_component>
      <object_component id="oc-71">
         <name>CpuTimer0RegsFile</name>
         <uninitialized>true</uninitialized>
         <run_address>0xc00</run_address>
         <size>0x8</size>
         <input_file_ref idref="fl-6"/>
      </object_component>
      <object_component id="oc-72">
         <name>CpuTimer1RegsFile</name>
         <uninitialized>true</uninitialized>
         <run_address>0xc08</run_address>
         <size>0x8</size>
         <input_file_ref idref="fl-6"/>
      </object_component>
      <object_component id="oc-73">
         <name>CpuTimer2RegsFile</name>
         <uninitialized>true</uninitialized>
         <run_address>0xc10</run_address>
         <size>0x8</size>
         <input_file_ref idref="fl-6"/>
      </object_component>
      <object_component id="oc-82">
         <name>PieCtrlRegsFile</name>
         <uninitialized>true</uninitialized>
         <run_address>0xce0</run_address>
         <size>0x1a</size>
         <input_file_ref idref="fl-6"/>
      </object_component>
      <object_component id="oc-92">
         <name>Cla1RegsFile</name>
         <uninitialized>true</uninitialized>
         <run_address>0x1400</run_address>
         <size>0x40</size>
         <input_file_ref idref="fl-6"/>
      </object_component>
      <object_component id="oc-a1">
         <name>DmaRegsFile</name>
         <uninitialized>true</uninitialized>
         <run_address>0x1000</run_address>
         <size>0xe0</size>
         <input_file_ref idref="fl-6"/>
      </object_component>
      <object_component id="oc-91">
         <name>ECanaRegsFile</name>
         <uninitialized>true</uninitialized>
         <run_address>0x6000</run_address>
         <size>0x34</size>
         <input_file_ref idref="fl-6"/>
      </object_component>
      <object_component id="oc-93">
         <name>ECanaLAMRegsFile</name>
         <uninitialized>true</uninitialized>
         <run_address>0x6040</run_address>
         <size>0x40</size>
         <input_file_ref idref="fl-6"/>
      </object_component>
      <object_component id="oc-a2">
         <name>ECanaMboxesFile</name>
         <uninitialized>true</uninitialized>
         <run_address>0x6100</run_address>
         <size>0x100</size>
         <input_file_ref idref="fl-6"/>
      </object_component>
      <object_component id="oc-94">
         <name>ECanaMOTSRegsFile</name>
         <uninitialized>true</uninitialized>
         <run_address>0x6080</run_address>
         <size>0x40</size>
         <input_file_ref idref="fl-6"/>
      </object_component>
      <object_component id="oc-95">
         <name>ECanaMOTORegsFile</name>
         <uninitialized>true</uninitialized>
         <run_address>0x60c0</run_address>
         <size>0x40</size>
         <input_file_ref idref="fl-6"/>
      </object_component>
      <object_component id="oc-83">
         <name>ECap1RegsFile</name>
         <uninitialized>true</uninitialized>
         <run_address>0x6a00</run_address>
         <size>0x20</size>
         <input_file_ref idref="fl-6"/>
      </object_component>
      <object_component id="oc-84">
         <name>ECap2RegsFile</name>
         <uninitialized>true</uninitialized>
         <run_address>0x6a20</run_address>
         <size>0x20</size>
         <input_file_ref idref="fl-6"/>
      </object_component>
      <object_component id="oc-85">
         <name>ECap3RegsFile</name>
         <uninitialized>true</uninitialized>
         <run_address>0x6a40</run_address>
         <size>0x20</size>
         <input_file_ref idref="fl-6"/>
      </object_component>
      <object_component id="oc-8c">
         <name>EQep1RegsFile</name>
         <uninitialized>true</uninitialized>
         <run_address>0x6b00</run_address>
         <size>0x22</size>
         <input_file_ref idref="fl-6"/>
      </object_component>
      <object_component id="oc-8d">
         <name>EQep2RegsFile</name>
         <uninitialized>true</uninitialized>
         <run_address>0x6b40</run_address>
         <size>0x22</size>
         <input_file_ref idref="fl-6"/>
      </object_component>
      <object_component id="oc-9f">
         <name>GpioCtrlRegsFile</name>
         <uninitialized>true</uninitialized>
         <run_address>0x6f80</run_address>
         <size>0x40</size>
         <input_file_ref idref="fl-6"/>
      </object_component>
      <object_component id="oc-86">
         <name>GpioDataRegsFile</name>
         <uninitialized>true</uninitialized>
         <run_address>0x6fc0</run_address>
         <size>0x20</size>
         <input_file_ref idref="fl-6"/>
      </object_component>
      <object_component id="oc-87">
         <name>GpioIntRegsFile</name>
         <uninitialized>true</uninitialized>
         <run_address>0x6fe0</run_address>
         <size>0x20</size>
         <input_file_ref idref="fl-6"/>
      </object_component>
      <object_component id="oc-88">
         <name>HRCap1RegsFile</name>
         <uninitialized>true</uninitialized>
         <run_address>0x6ac0</run_address>
         <size>0x20</size>
         <input_file_ref idref="fl-6"/>
      </object_component>
      <object_component id="oc-89">
         <name>HRCap2RegsFile</name>
         <uninitialized>true</uninitialized>
         <run_address>0x6ae0</run_address>
         <size>0x20</size>
         <input_file_ref idref="fl-6"/>
      </object_component>
      <object_component id="oc-8a">
         <name>HRCap3RegsFile</name>
         <uninitialized>true</uninitialized>
         <run_address>0x6c80</run_address>
         <size>0x20</size>
         <input_file_ref idref="fl-6"/>
      </object_component>
      <object_component id="oc-8b">
         <name>HRCap4RegsFile</name>
         <uninitialized>true</uninitialized>
         <run_address>0x6ca0</run_address>
         <size>0x20</size>
         <input_file_ref idref="fl-6"/>
      </object_component>
      <object_component id="oc-90">
         <name>SysCtrlRegsFile</name>
         <uninitialized>true</uninitialized>
         <run_address>0x7010</run_address>
         <size>0x30</size>
         <input_file_ref idref="fl-6"/>
      </object_component>
      <object_component id="oc-7b">
         <name>SpiaRegsFile</name>
         <uninitialized>true</uninitialized>
         <run_address>0x7040</run_address>
         <size>0x10</size>
         <input_file_ref idref="fl-6"/>
      </object_component>
      <object_component id="oc-7c">
         <name>SpibRegsFile</name>
         <uninitialized>true</uninitialized>
         <run_address>0x7740</run_address>
         <size>0x10</size>
         <input_file_ref idref="fl-6"/>
      </object_component>
      <object_component id="oc-79">
         <name>SciaRegsFile</name>
         <uninitialized>true</uninitialized>
         <run_address>0x7050</run_address>
         <size>0x10</size>
         <input_file_ref idref="fl-6"/>
      </object_component>
      <object_component id="oc-7a">
         <name>ScibRegsFile</name>
         <uninitialized>true</uninitialized>
         <run_address>0x7750</run_address>
         <size>0x10</size>
         <input_file_ref idref="fl-6"/>
      </object_component>
      <object_component id="oc-78">
         <name>NmiIntruptRegsFile</name>
         <uninitialized>true</uninitialized>
         <run_address>0x7060</run_address>
         <size>0x10</size>
         <input_file_ref idref="fl-6"/>
      </object_component>
      <object_component id="oc-7d">
         <name>XIntruptRegsFile</name>
         <uninitialized>true</uninitialized>
         <run_address>0x7070</run_address>
         <size>0x10</size>
         <input_file_ref idref="fl-6"/>
      </object_component>
      <object_component id="oc-a0">
         <name>AdcRegsFile</name>
         <uninitialized>true</uninitialized>
         <run_address>0x7100</run_address>
         <size>0x50</size>
         <input_file_ref idref="fl-6"/>
      </object_component>
      <object_component id="oc-8e">
         <name>I2caRegsFile</name>
         <uninitialized>true</uninitialized>
         <run_address>0x7900</run_address>
         <size>0x22</size>
         <input_file_ref idref="fl-6"/>
      </object_component>
      <object_component id="oc-7e">
         <name>Comp1RegsFile</name>
         <uninitialized>true</uninitialized>
         <run_address>0x6400</run_address>
         <size>0x14</size>
         <input_file_ref idref="fl-6"/>
      </object_component>
      <object_component id="oc-80">
         <name>Comp2RegsFile</name>
         <uninitialized>true</uninitialized>
         <run_address>0x6420</run_address>
         <size>0x14</size>
         <input_file_ref idref="fl-6"/>
      </object_component>
      <object_component id="oc-81">
         <name>Comp3RegsFile</name>
         <uninitialized>true</uninitialized>
         <run_address>0x6440</run_address>
         <size>0x14</size>
         <input_file_ref idref="fl-6"/>
      </object_component>
      <object_component id="oc-96">
         <name>EPwm1RegsFile</name>
         <uninitialized>true</uninitialized>
         <run_address>0x6800</run_address>
         <size>0x40</size>
         <input_file_ref idref="fl-6"/>
      </object_component>
      <object_component id="oc-98">
         <name>EPwm2RegsFile</name>
         <uninitialized>true</uninitialized>
         <run_address>0x6840</run_address>
         <size>0x40</size>
         <input_file_ref idref="fl-6"/>
      </object_component>
      <object_component id="oc-99">
         <name>EPwm3RegsFile</name>
         <uninitialized>true</uninitialized>
         <run_address>0x6880</run_address>
         <size>0x40</size>
         <input_file_ref idref="fl-6"/>
      </object_component>
      <object_component id="oc-9a">
         <name>EPwm4RegsFile</name>
         <uninitialized>true</uninitialized>
         <run_address>0x68c0</run_address>
         <size>0x40</size>
         <input_file_ref idref="fl-6"/>
      </object_component>
      <object_component id="oc-9b">
         <name>EPwm5RegsFile</name>
         <uninitialized>true</uninitialized>
         <run_address>0x6900</run_address>
         <size>0x40</size>
         <input_file_ref idref="fl-6"/>
      </object_component>
      <object_component id="oc-9c">
         <name>EPwm6RegsFile</name>
         <uninitialized>true</uninitialized>
         <run_address>0x6940</run_address>
         <size>0x40</size>
         <input_file_ref idref="fl-6"/>
      </object_component>
      <object_component id="oc-9d">
         <name>EPwm7RegsFile</name>
         <uninitialized>true</uninitialized>
         <run_address>0x6980</run_address>
         <size>0x40</size>
         <input_file_ref idref="fl-6"/>
      </object_component>
      <object_component id="oc-9e">
         <name>EPwm8RegsFile</name>
         <uninitialized>true</uninitialized>
         <run_address>0x69c0</run_address>
         <size>0x40</size>
         <input_file_ref idref="fl-6"/>
      </object_component>
      <object_component id="oc-8f">
         <name>McbspaRegsFile</name>
         <uninitialized>true</uninitialized>
         <run_address>0x5000</run_address>
         <size>0x24</size>
         <input_file_ref idref="fl-6"/>
      </object_component>
      <object_component id="oc-a4">
         <name>Usb0RegsFile</name>
         <uninitialized>true</uninitialized>
         <run_address>0x4000</run_address>
         <size>0x454</size>
         <input_file_ref idref="fl-6"/>
      </object_component>
      <object_component id="oc-74">
         <name>CsmPwlFile</name>
         <uninitialized>true</uninitialized>
         <run_address>0x3f7ff8</run_address>
         <size>0x8</size>
         <input_file_ref idref="fl-6"/>
      </object_component>
      <object_component id="oc-6a">
         <name>PartIdRegsFile</name>
         <uninitialized>true</uninitialized>
         <run_address>0x3d7e80</run_address>
         <size>0x1</size>
         <input_file_ref idref="fl-6"/>
      </object_component>
      <object_component id="oc-54">
         <name>.debug_info</name>
         <load_address>0x0</load_address>
         <run_address>0x0</run_address>
         <size>0x1ea8</size>
         <input_file_ref idref="fl-2"/>
      </object_component>
      <object_component id="oc-5c">
         <name>.debug_info</name>
         <load_address>0x1ea8</load_address>
         <run_address>0x1ea8</run_address>
         <size>0x1f9</size>
         <input_file_ref idref="fl-3"/>
      </object_component>
      <object_component id="oc-61">
         <name>.debug_info</name>
         <load_address>0x20a1</load_address>
         <run_address>0x20a1</run_address>
         <size>0x17e</size>
         <input_file_ref idref="fl-4"/>
      </object_component>
      <object_component id="oc-64">
         <name>.debug_info</name>
         <load_address>0x221f</load_address>
         <run_address>0x221f</run_address>
         <size>0x5b65</size>
         <input_file_ref idref="fl-5"/>
      </object_component>
      <object_component id="oc-69">
         <name>.debug_info</name>
         <load_address>0x7d84</load_address>
         <run_address>0x7d84</run_address>
         <size>0x1b07a</size>
         <input_file_ref idref="fl-6"/>
      </object_component>
      <object_component id="oc-af">
         <name>.debug_info</name>
         <load_address>0x22dfe</load_address>
         <run_address>0x22dfe</run_address>
         <size>0x135</size>
         <input_file_ref idref="fl-7"/>
      </object_component>
      <object_component id="oc-b2">
         <name>.debug_info</name>
         <load_address>0x22f33</load_address>
         <run_address>0x22f33</run_address>
         <size>0xf26a</size>
         <input_file_ref idref="fl-8"/>
      </object_component>
      <object_component id="oc-bb">
         <name>.debug_info</name>
         <load_address>0x3219d</load_address>
         <run_address>0x3219d</run_address>
         <size>0x4ec5</size>
         <input_file_ref idref="fl-9"/>
      </object_component>
      <object_component id="oc-c1">
         <name>.debug_info</name>
         <load_address>0x37062</load_address>
         <run_address>0x37062</run_address>
         <size>0x24d7</size>
         <input_file_ref idref="fl-a"/>
      </object_component>
      <object_component id="oc-c6">
         <name>.debug_info</name>
         <load_address>0x39539</load_address>
         <run_address>0x39539</run_address>
         <size>0x24d4</size>
         <input_file_ref idref="fl-b"/>
      </object_component>
      <object_component id="oc-cb">
         <name>.debug_info</name>
         <load_address>0x3ba0d</load_address>
         <run_address>0x3ba0d</run_address>
         <size>0x2184</size>
         <input_file_ref idref="fl-c"/>
      </object_component>
      <object_component id="oc-d1">
         <name>.debug_info</name>
         <load_address>0x3db91</load_address>
         <run_address>0x3db91</run_address>
         <size>0xd70</size>
         <input_file_ref idref="fl-d"/>
      </object_component>
      <object_component id="oc-dd">
         <name>.debug_info</name>
         <load_address>0x3e901</load_address>
         <run_address>0x3e901</run_address>
         <size>0x173</size>
         <input_file_ref idref="fl-21"/>
      </object_component>
      <object_component id="oc-e1">
         <name>.debug_info</name>
         <load_address>0x3ea74</load_address>
         <run_address>0x3ea74</run_address>
         <size>0x4fa</size>
         <input_file_ref idref="fl-22"/>
      </object_component>
      <object_component id="oc-e6">
         <name>.debug_info</name>
         <load_address>0x3ef6e</load_address>
         <run_address>0x3ef6e</run_address>
         <size>0x3d3</size>
         <input_file_ref idref="fl-23"/>
      </object_component>
      <object_component id="oc-eb">
         <name>.debug_info</name>
         <load_address>0x3f341</load_address>
         <run_address>0x3f341</run_address>
         <size>0x346</size>
         <input_file_ref idref="fl-24"/>
      </object_component>
      <object_component id="oc-f0">
         <name>.debug_info</name>
         <load_address>0x3f687</load_address>
         <run_address>0x3f687</run_address>
         <size>0x343</size>
         <input_file_ref idref="fl-25"/>
      </object_component>
      <object_component id="oc-f5">
         <name>.debug_info</name>
         <load_address>0x3f9ca</load_address>
         <run_address>0x3f9ca</run_address>
         <size>0x4dd</size>
         <input_file_ref idref="fl-26"/>
      </object_component>
      <object_component id="oc-fc">
         <name>.debug_info</name>
         <load_address>0x3fea7</load_address>
         <run_address>0x3fea7</run_address>
         <size>0x465</size>
         <input_file_ref idref="fl-27"/>
      </object_component>
      <object_component id="oc-101">
         <name>.debug_info</name>
         <load_address>0x4030c</load_address>
         <run_address>0x4030c</run_address>
         <size>0x3ee</size>
         <input_file_ref idref="fl-28"/>
      </object_component>
      <object_component id="oc-199">
         <name>.debug_info</name>
         <load_address>0x406fa</load_address>
         <run_address>0x406fa</run_address>
         <size>0xaf</size>
      </object_component>
      <object_component id="oc-55">
         <name>.debug_frame</name>
         <load_address>0x0</load_address>
         <run_address>0x0</run_address>
         <size>0x40</size>
         <input_file_ref idref="fl-2"/>
      </object_component>
      <object_component id="oc-65">
         <name>.debug_frame</name>
         <load_address>0x40</load_address>
         <run_address>0x40</run_address>
         <size>0x84</size>
         <input_file_ref idref="fl-5"/>
      </object_component>
      <object_component id="oc-b7">
         <name>.debug_frame</name>
         <load_address>0xc4</load_address>
         <run_address>0xc4</run_address>
         <size>0x264</size>
         <input_file_ref idref="fl-8"/>
      </object_component>
      <object_component id="oc-bd">
         <name>.debug_frame</name>
         <load_address>0x328</load_address>
         <run_address>0x328</run_address>
         <size>0xec</size>
         <input_file_ref idref="fl-9"/>
      </object_component>
      <object_component id="oc-c2">
         <name>.debug_frame</name>
         <load_address>0x414</load_address>
         <run_address>0x414</run_address>
         <size>0x5c</size>
         <input_file_ref idref="fl-a"/>
      </object_component>
      <object_component id="oc-c7">
         <name>.debug_frame</name>
         <load_address>0x470</load_address>
         <run_address>0x470</run_address>
         <size>0x5c</size>
         <input_file_ref idref="fl-b"/>
      </object_component>
      <object_component id="oc-cd">
         <name>.debug_frame</name>
         <load_address>0x4cc</load_address>
         <run_address>0x4cc</run_address>
         <size>0x204</size>
         <input_file_ref idref="fl-c"/>
      </object_component>
      <object_component id="oc-d5">
         <name>.debug_frame</name>
         <load_address>0x6d0</load_address>
         <run_address>0x6d0</run_address>
         <size>0x1b0</size>
         <input_file_ref idref="fl-d"/>
      </object_component>
      <object_component id="oc-e2">
         <name>.debug_frame</name>
         <load_address>0x880</load_address>
         <run_address>0x880</run_address>
         <size>0x58</size>
         <input_file_ref idref="fl-22"/>
      </object_component>
      <object_component id="oc-e7">
         <name>.debug_frame</name>
         <load_address>0x8d8</load_address>
         <run_address>0x8d8</run_address>
         <size>0x38</size>
         <input_file_ref idref="fl-23"/>
      </object_component>
      <object_component id="oc-ec">
         <name>.debug_frame</name>
         <load_address>0x910</load_address>
         <run_address>0x910</run_address>
         <size>0x38</size>
         <input_file_ref idref="fl-24"/>
      </object_component>
      <object_component id="oc-f1">
         <name>.debug_frame</name>
         <load_address>0x948</load_address>
         <run_address>0x948</run_address>
         <size>0x38</size>
         <input_file_ref idref="fl-25"/>
      </object_component>
      <object_component id="oc-f8">
         <name>.debug_frame</name>
         <load_address>0x980</load_address>
         <run_address>0x980</run_address>
         <size>0x58</size>
         <input_file_ref idref="fl-26"/>
      </object_component>
      <object_component id="oc-fd">
         <name>.debug_frame</name>
         <load_address>0x9d8</load_address>
         <run_address>0x9d8</run_address>
         <size>0x68</size>
         <input_file_ref idref="fl-27"/>
      </object_component>
      <object_component id="oc-102">
         <name>.debug_frame</name>
         <load_address>0xa40</load_address>
         <run_address>0xa40</run_address>
         <size>0x38</size>
         <input_file_ref idref="fl-28"/>
      </object_component>
      <object_component id="oc-56">
         <name>.debug_line</name>
         <load_address>0x0</load_address>
         <run_address>0x0</run_address>
         <size>0xec</size>
         <input_file_ref idref="fl-2"/>
      </object_component>
      <object_component id="oc-5b">
         <name>.debug_line</name>
         <load_address>0xec</load_address>
         <run_address>0xec</run_address>
         <size>0xa5</size>
         <input_file_ref idref="fl-3"/>
      </object_component>
      <object_component id="oc-60">
         <name>.debug_line</name>
         <load_address>0x191</load_address>
         <run_address>0x191</run_address>
         <size>0x8c</size>
         <input_file_ref idref="fl-4"/>
      </object_component>
      <object_component id="oc-66">
         <name>.debug_line</name>
         <load_address>0x21d</load_address>
         <run_address>0x21d</run_address>
         <size>0xe7</size>
         <input_file_ref idref="fl-5"/>
      </object_component>
      <object_component id="oc-ae">
         <name>.debug_line</name>
         <load_address>0x304</load_address>
         <run_address>0x304</run_address>
         <size>0x141</size>
         <input_file_ref idref="fl-7"/>
      </object_component>
      <object_component id="oc-b8">
         <name>.debug_line</name>
         <load_address>0x445</load_address>
         <run_address>0x445</run_address>
         <size>0x58f</size>
         <input_file_ref idref="fl-8"/>
      </object_component>
      <object_component id="oc-be">
         <name>.debug_line</name>
         <load_address>0x9d4</load_address>
         <run_address>0x9d4</run_address>
         <size>0x1fd</size>
         <input_file_ref idref="fl-9"/>
      </object_component>
      <object_component id="oc-c3">
         <name>.debug_line</name>
         <load_address>0xbd1</load_address>
         <run_address>0xbd1</run_address>
         <size>0xa7</size>
         <input_file_ref idref="fl-a"/>
      </object_component>
      <object_component id="oc-c8">
         <name>.debug_line</name>
         <load_address>0xc78</load_address>
         <run_address>0xc78</run_address>
         <size>0x99</size>
         <input_file_ref idref="fl-b"/>
      </object_component>
      <object_component id="oc-ce">
         <name>.debug_line</name>
         <load_address>0xd11</load_address>
         <run_address>0xd11</run_address>
         <size>0x374</size>
         <input_file_ref idref="fl-c"/>
      </object_component>
      <object_component id="oc-d6">
         <name>.debug_line</name>
         <load_address>0x1085</load_address>
         <run_address>0x1085</run_address>
         <size>0x28c</size>
         <input_file_ref idref="fl-d"/>
      </object_component>
      <object_component id="oc-de">
         <name>.debug_line</name>
         <load_address>0x1311</load_address>
         <run_address>0x1311</run_address>
         <size>0x7d</size>
         <input_file_ref idref="fl-21"/>
      </object_component>
      <object_component id="oc-e3">
         <name>.debug_line</name>
         <load_address>0x138e</load_address>
         <run_address>0x138e</run_address>
         <size>0x50</size>
         <input_file_ref idref="fl-22"/>
      </object_component>
      <object_component id="oc-e8">
         <name>.debug_line</name>
         <load_address>0x13de</load_address>
         <run_address>0x13de</run_address>
         <size>0x62</size>
         <input_file_ref idref="fl-23"/>
      </object_component>
      <object_component id="oc-ed">
         <name>.debug_line</name>
         <load_address>0x1440</load_address>
         <run_address>0x1440</run_address>
         <size>0x3e</size>
         <input_file_ref idref="fl-24"/>
      </object_component>
      <object_component id="oc-f2">
         <name>.debug_line</name>
         <load_address>0x147e</load_address>
         <run_address>0x147e</run_address>
         <size>0x3a</size>
         <input_file_ref idref="fl-25"/>
      </object_component>
      <object_component id="oc-f9">
         <name>.debug_line</name>
         <load_address>0x14b8</load_address>
         <run_address>0x14b8</run_address>
         <size>0x65</size>
         <input_file_ref idref="fl-26"/>
      </object_component>
      <object_component id="oc-fe">
         <name>.debug_line</name>
         <load_address>0x151d</load_address>
         <run_address>0x151d</run_address>
         <size>0x5e</size>
         <input_file_ref idref="fl-27"/>
      </object_component>
      <object_component id="oc-103">
         <name>.debug_line</name>
         <load_address>0x157b</load_address>
         <run_address>0x157b</run_address>
         <size>0x4f</size>
         <input_file_ref idref="fl-28"/>
      </object_component>
      <object_component id="oc-57">
         <name>.debug_abbrev</name>
         <load_address>0x0</load_address>
         <run_address>0x0</run_address>
         <size>0x126</size>
         <input_file_ref idref="fl-2"/>
      </object_component>
      <object_component id="oc-5d">
         <name>.debug_abbrev</name>
         <load_address>0x126</load_address>
         <run_address>0x126</run_address>
         <size>0x21</size>
         <input_file_ref idref="fl-3"/>
      </object_component>
      <object_component id="oc-62">
         <name>.debug_abbrev</name>
         <load_address>0x147</load_address>
         <run_address>0x147</run_address>
         <size>0x2f</size>
         <input_file_ref idref="fl-4"/>
      </object_component>
      <object_component id="oc-67">
         <name>.debug_abbrev</name>
         <load_address>0x176</load_address>
         <run_address>0x176</run_address>
         <size>0x103</size>
         <input_file_ref idref="fl-5"/>
      </object_component>
      <object_component id="oc-a5">
         <name>.debug_abbrev</name>
         <load_address>0x279</load_address>
         <run_address>0x279</run_address>
         <size>0xc4</size>
         <input_file_ref idref="fl-6"/>
      </object_component>
      <object_component id="oc-b0">
         <name>.debug_abbrev</name>
         <load_address>0x33d</load_address>
         <run_address>0x33d</run_address>
         <size>0x3f</size>
         <input_file_ref idref="fl-7"/>
      </object_component>
      <object_component id="oc-b9">
         <name>.debug_abbrev</name>
         <load_address>0x37c</load_address>
         <run_address>0x37c</run_address>
         <size>0x1d1</size>
         <input_file_ref idref="fl-8"/>
      </object_component>
      <object_component id="oc-bf">
         <name>.debug_abbrev</name>
         <load_address>0x54d</load_address>
         <run_address>0x54d</run_address>
         <size>0x17f</size>
         <input_file_ref idref="fl-9"/>
      </object_component>
      <object_component id="oc-c4">
         <name>.debug_abbrev</name>
         <load_address>0x6cc</load_address>
         <run_address>0x6cc</run_address>
         <size>0x111</size>
         <input_file_ref idref="fl-a"/>
      </object_component>
      <object_component id="oc-c9">
         <name>.debug_abbrev</name>
         <load_address>0x7dd</load_address>
         <run_address>0x7dd</run_address>
         <size>0x111</size>
         <input_file_ref idref="fl-b"/>
      </object_component>
      <object_component id="oc-cf">
         <name>.debug_abbrev</name>
         <load_address>0x8ee</load_address>
         <run_address>0x8ee</run_address>
         <size>0x185</size>
         <input_file_ref idref="fl-c"/>
      </object_component>
      <object_component id="oc-d7">
         <name>.debug_abbrev</name>
         <load_address>0xa73</load_address>
         <run_address>0xa73</run_address>
         <size>0x12e</size>
         <input_file_ref idref="fl-d"/>
      </object_component>
      <object_component id="oc-df">
         <name>.debug_abbrev</name>
         <load_address>0xba1</load_address>
         <run_address>0xba1</run_address>
         <size>0x46</size>
         <input_file_ref idref="fl-21"/>
      </object_component>
      <object_component id="oc-e4">
         <name>.debug_abbrev</name>
         <load_address>0xbe7</load_address>
         <run_address>0xbe7</run_address>
         <size>0xe3</size>
         <input_file_ref idref="fl-22"/>
      </object_component>
      <object_component id="oc-e9">
         <name>.debug_abbrev</name>
         <load_address>0xcca</load_address>
         <run_address>0xcca</run_address>
         <size>0xa8</size>
         <input_file_ref idref="fl-23"/>
      </object_component>
      <object_component id="oc-ee">
         <name>.debug_abbrev</name>
         <load_address>0xd72</load_address>
         <run_address>0xd72</run_address>
         <size>0x68</size>
         <input_file_ref idref="fl-24"/>
      </object_component>
      <object_component id="oc-f3">
         <name>.debug_abbrev</name>
         <load_address>0xdda</load_address>
         <run_address>0xdda</run_address>
         <size>0x66</size>
         <input_file_ref idref="fl-25"/>
      </object_component>
      <object_component id="oc-fa">
         <name>.debug_abbrev</name>
         <load_address>0xe40</load_address>
         <run_address>0xe40</run_address>
         <size>0x130</size>
         <input_file_ref idref="fl-26"/>
      </object_component>
      <object_component id="oc-ff">
         <name>.debug_abbrev</name>
         <load_address>0xf70</load_address>
         <run_address>0xf70</run_address>
         <size>0xb2</size>
         <input_file_ref idref="fl-27"/>
      </object_component>
      <object_component id="oc-104">
         <name>.debug_abbrev</name>
         <load_address>0x1022</load_address>
         <run_address>0x1022</run_address>
         <size>0xee</size>
         <input_file_ref idref="fl-28"/>
      </object_component>
      <object_component id="oc-19a">
         <name>.debug_abbrev</name>
         <load_address>0x1110</load_address>
         <run_address>0x1110</run_address>
         <size>0xf</size>
      </object_component>
      <object_component id="oc-58">
         <name>.debug_aranges</name>
         <load_address>0x0</load_address>
         <run_address>0x0</run_address>
         <size>0x20</size>
         <input_file_ref idref="fl-2"/>
      </object_component>
      <object_component id="oc-5e">
         <name>.debug_aranges</name>
         <load_address>0x20</load_address>
         <run_address>0x20</run_address>
         <size>0x28</size>
         <input_file_ref idref="fl-3"/>
      </object_component>
      <object_component id="oc-63">
         <name>.debug_aranges</name>
         <load_address>0x48</load_address>
         <run_address>0x48</run_address>
         <size>0x20</size>
         <input_file_ref idref="fl-4"/>
      </object_component>
      <object_component id="oc-68">
         <name>.debug_aranges</name>
         <load_address>0x68</load_address>
         <run_address>0x68</run_address>
         <size>0x38</size>
         <input_file_ref idref="fl-5"/>
      </object_component>
      <object_component id="oc-b1">
         <name>.debug_aranges</name>
         <load_address>0xa0</load_address>
         <run_address>0xa0</run_address>
         <size>0x28</size>
         <input_file_ref idref="fl-7"/>
      </object_component>
      <object_component id="oc-ba">
         <name>.debug_aranges</name>
         <load_address>0xc8</load_address>
         <run_address>0xc8</run_address>
         <size>0xb8</size>
         <input_file_ref idref="fl-8"/>
      </object_component>
      <object_component id="oc-c0">
         <name>.debug_aranges</name>
         <load_address>0x180</load_address>
         <run_address>0x180</run_address>
         <size>0x58</size>
         <input_file_ref idref="fl-9"/>
      </object_component>
      <object_component id="oc-c5">
         <name>.debug_aranges</name>
         <load_address>0x1d8</load_address>
         <run_address>0x1d8</run_address>
         <size>0x28</size>
         <input_file_ref idref="fl-a"/>
      </object_component>
      <object_component id="oc-ca">
         <name>.debug_aranges</name>
         <load_address>0x200</load_address>
         <run_address>0x200</run_address>
         <size>0x28</size>
         <input_file_ref idref="fl-b"/>
      </object_component>
      <object_component id="oc-d0">
         <name>.debug_aranges</name>
         <load_address>0x228</load_address>
         <run_address>0x228</run_address>
         <size>0xb8</size>
         <input_file_ref idref="fl-c"/>
      </object_component>
      <object_component id="oc-d8">
         <name>.debug_aranges</name>
         <load_address>0x2e0</load_address>
         <run_address>0x2e0</run_address>
         <size>0x88</size>
         <input_file_ref idref="fl-d"/>
      </object_component>
      <object_component id="oc-e0">
         <name>.debug_aranges</name>
         <load_address>0x368</load_address>
         <run_address>0x368</run_address>
         <size>0x20</size>
         <input_file_ref idref="fl-21"/>
      </object_component>
      <object_component id="oc-e5">
         <name>.debug_aranges</name>
         <load_address>0x388</load_address>
         <run_address>0x388</run_address>
         <size>0x20</size>
         <input_file_ref idref="fl-22"/>
      </object_component>
      <object_component id="oc-ea">
         <name>.debug_aranges</name>
         <load_address>0x3a8</load_address>
         <run_address>0x3a8</run_address>
         <size>0x20</size>
         <input_file_ref idref="fl-23"/>
      </object_component>
      <object_component id="oc-ef">
         <name>.debug_aranges</name>
         <load_address>0x3c8</load_address>
         <run_address>0x3c8</run_address>
         <size>0x20</size>
         <input_file_ref idref="fl-24"/>
      </object_component>
      <object_component id="oc-f4">
         <name>.debug_aranges</name>
         <load_address>0x3e8</load_address>
         <run_address>0x3e8</run_address>
         <size>0x20</size>
         <input_file_ref idref="fl-25"/>
      </object_component>
      <object_component id="oc-fb">
         <name>.debug_aranges</name>
         <load_address>0x408</load_address>
         <run_address>0x408</run_address>
         <size>0x28</size>
         <input_file_ref idref="fl-26"/>
      </object_component>
      <object_component id="oc-100">
         <name>.debug_aranges</name>
         <load_address>0x430</load_address>
         <run_address>0x430</run_address>
         <size>0x30</size>
         <input_file_ref idref="fl-27"/>
      </object_component>
      <object_component id="oc-105">
         <name>.debug_aranges</name>
         <load_address>0x460</load_address>
         <run_address>0x460</run_address>
         <size>0x20</size>
         <input_file_ref idref="fl-28"/>
      </object_component>
      <object_component id="oc-a7">
         <name>ZeroNet_Section</name>
         <uninitialized>true</uninitialized>
         <run_address>0x4e</run_address>
         <size>0x2</size>
         <input_file_ref idref="fl-7"/>
      </object_component>
      <object_component id="oc-a8">
         <name>ISRVariables</name>
         <uninitialized>true</uninitialized>
         <run_address>0x4c</run_address>
         <size>0x2</size>
         <input_file_ref idref="fl-7"/>
      </object_component>
      <object_component id="oc-a9">
         <name>ADCDRV_1ch_Section</name>
         <uninitialized>true</uninitialized>
         <run_address>0x3dc</run_address>
         <size>0x8</size>
         <input_file_ref idref="fl-7"/>
      </object_component>
      <object_component id="oc-aa">
         <name>CNTL_2P2Z_Section</name>
         <uninitialized>true</uninitialized>
         <run_address>0x0</run_address>
         <size>0x24</size>
         <input_file_ref idref="fl-7"/>
      </object_component>
      <object_component id="oc-ab">
         <name>MATH_EMAVG_Section</name>
         <uninitialized>true</uninitialized>
         <run_address>0x40</run_address>
         <size>0xc</size>
         <input_file_ref idref="fl-7"/>
      </object_component>
      <object_component id="oc-ac">
         <name>PWMDRV_1ch_UpDwnCnt_Section</name>
         <uninitialized>true</uninitialized>
         <run_address>0x3d0</run_address>
         <size>0xc</size>
         <input_file_ref idref="fl-7"/>
      </object_component>
      <object_component id="oc-b5">
         <name>CNTL_2P2Z_Coef</name>
         <uninitialized>true</uninitialized>
         <run_address>0x24</run_address>
         <size>0x1c</size>
         <input_file_ref idref="fl-8"/>
      </object_component>
   </object_component_list>
   <logical_group_list>
      <logical_group id="lg-2" display="no" color="cyan">
         <name>.cinit</name>
         <load_address>0x3f547f</load_address>
         <run_address>0x3f547f</run_address>
         <size>0xe5</size>
         <contents>
            <object_component_ref idref="oc-b3"/>
            <object_component_ref idref="oc-d2"/>
            <object_component_ref idref="oc-122"/>
            <object_component_ref idref="oc-11e"/>
            <object_component_ref idref="oc-120"/>
            <object_component_ref idref="oc-97"/>
            <object_component_ref idref="oc-f6"/>
            <object_component_ref idref="oc-7f"/>
            <object_component_ref idref="oc-111"/>
            <object_component_ref idref="oc-129"/>
         </contents>
      </logical_group>
      <logical_group id="lg-3" display="no" color="cyan">
         <name>.pinit</name>
         <run_address>0x0</run_address>
         <size>0x0</size>
         <contents>
         </contents>
      </logical_group>
      <logical_group id="lg-4" display="no" color="cyan">
         <name>.text</name>
         <load_address>0x3f4000</load_address>
         <run_address>0x3f4000</run_address>
         <size>0x147f</size>
         <contents>
            <object_component_ref idref="oc-10f"/>
            <object_component_ref idref="oc-115"/>
            <object_component_ref idref="oc-11b"/>
            <object_component_ref idref="oc-113"/>
            <object_component_ref idref="oc-123"/>
            <object_component_ref idref="oc-b6"/>
            <object_component_ref idref="oc-11c"/>
            <object_component_ref idref="oc-10d"/>
            <object_component_ref idref="oc-124"/>
            <object_component_ref idref="oc-a6"/>
            <object_component_ref idref="oc-53"/>
            <object_component_ref idref="oc-d4"/>
            <object_component_ref idref="oc-10a"/>
            <object_component_ref idref="oc-107"/>
            <object_component_ref idref="oc-10e"/>
            <object_component_ref idref="oc-109"/>
            <object_component_ref idref="oc-128"/>
            <object_component_ref idref="oc-59"/>
            <object_component_ref idref="oc-bc"/>
            <object_component_ref idref="oc-106"/>
            <object_component_ref idref="oc-108"/>
         </contents>
      </logical_group>
      <logical_group id="lg-5" display="no" color="cyan">
         <name>codestart</name>
         <load_address>0x3f7ff6</load_address>
         <run_address>0x3f7ff6</run_address>
         <size>0x2</size>
         <contents>
            <object_component_ref idref="oc-5a"/>
         </contents>
      </logical_group>
      <logical_group id="lg-6" display="no" color="cyan">
         <name>ramfuncs</name>
         <load_address>0x3e8000</load_address>
         <run_address>0x8000</run_address>
         <size>0xfe</size>
         <contents>
            <object_component_ref idref="oc-ad"/>
            <object_component_ref idref="oc-114"/>
            <object_component_ref idref="oc-5f"/>
         </contents>
      </logical_group>
      <logical_group id="lg-7" display="no" color="cyan">
         <name>csmpasswds</name>
         <run_address>0x0</run_address>
         <size>0x0</size>
         <contents>
         </contents>
      </logical_group>
      <logical_group id="lg-8" display="no" color="cyan">
         <name>csm_rsvd</name>
         <run_address>0x0</run_address>
         <size>0x0</size>
         <contents>
         </contents>
      </logical_group>
      <logical_group id="lg-9" display="no" color="cyan">
         <name>.stack</name>
         <run_address>0x50</run_address>
         <size>0x380</size>
         <contents>
            <object_component_ref idref="oc-db"/>
            <object_component_ref idref="oc-198"/>
         </contents>
      </logical_group>
      <logical_group id="lg-a" display="no" color="cyan">
         <name>.ebss</name>
         <run_address>0xa000</run_address>
         <size>0x226</size>
         <contents>
            <object_component_ref idref="oc-b4"/>
            <object_component_ref idref="oc-116"/>
            <object_component_ref idref="oc-117"/>
            <object_component_ref idref="oc-118"/>
            <object_component_ref idref="oc-10b"/>
            <object_component_ref idref="oc-125"/>
            <object_component_ref idref="oc-126"/>
            <object_component_ref idref="oc-127"/>
            <object_component_ref idref="oc-11d"/>
            <object_component_ref idref="oc-11f"/>
            <object_component_ref idref="oc-121"/>
            <object_component_ref idref="oc-10c"/>
            <object_component_ref idref="oc-119"/>
            <object_component_ref idref="oc-12c"/>
            <object_component_ref idref="oc-12d"/>
            <object_component_ref idref="oc-11a"/>
            <object_component_ref idref="oc-12e"/>
            <object_component_ref idref="oc-cc"/>
            <object_component_ref idref="oc-12a"/>
            <object_component_ref idref="oc-12b"/>
            <object_component_ref idref="oc-d3"/>
            <object_component_ref idref="oc-112"/>
            <object_component_ref idref="oc-f7"/>
            <object_component_ref idref="oc-110"/>
            <object_component_ref idref="oc-12f"/>
         </contents>
      </logical_group>
      <logical_group id="lg-b" display="no" color="cyan">
         <name>.esysmem</name>
         <run_address>0x0</run_address>
         <size>0x0</size>
         <contents>
         </contents>
      </logical_group>
      <logical_group id="lg-c" display="no" color="cyan">
         <name>.econst</name>
         <run_address>0x0</run_address>
         <size>0x0</size>
         <contents>
         </contents>
      </logical_group>
      <logical_group id="lg-d" display="no" color="cyan">
         <name>.switch</name>
         <run_address>0x0</run_address>
         <size>0x0</size>
         <contents>
         </contents>
      </logical_group>
      <logical_group id="lg-e" display="no" color="cyan">
         <name>IQmath</name>
         <load_address>0x3f5564</load_address>
         <run_address>0x3f5564</run_address>
         <size>0x47</size>
         <contents>
            <object_component_ref idref="oc-d9"/>
         </contents>
      </logical_group>
      <logical_group id="lg-f" display="no" color="cyan">
         <name>IQmathTables</name>
         <load_address>0x3fdf00</load_address>
         <run_address>0x3fdf00</run_address>
         <size>0xb50</size>
         <contents>
            <object_component_ref idref="oc-da"/>
         </contents>
      </logical_group>
      <logical_group id="lg-10" display="no" color="cyan">
         <name>FPUmathTables</name>
         <run_address>0x0</run_address>
         <size>0x0</size>
         <contents>
         </contents>
      </logical_group>
      <logical_group id="lg-11" display="no" color="cyan">
         <name>DMARAML5</name>
         <run_address>0x0</run_address>
         <size>0x0</size>
         <contents>
         </contents>
      </logical_group>
      <logical_group id="lg-12" display="no" color="cyan">
         <name>DMARAML6</name>
         <run_address>0x0</run_address>
         <size>0x0</size>
         <contents>
         </contents>
      </logical_group>
      <logical_group id="lg-13" display="no" color="cyan">
         <name>DMARAML7</name>
         <run_address>0x0</run_address>
         <size>0x0</size>
         <contents>
         </contents>
      </logical_group>
      <logical_group id="lg-14" display="no" color="cyan">
         <name>DMARAML8</name>
         <run_address>0x0</run_address>
         <size>0x0</size>
         <contents>
         </contents>
      </logical_group>
      <logical_group id="lg-15" display="no" color="cyan">
         <name>.reset</name>
         <load_address>0x3fffc0</load_address>
         <run_address>0x3fffc0</run_address>
         <size>0x2</size>
         <contents>
            <object_component_ref idref="oc-dc"/>
         </contents>
      </logical_group>
      <logical_group id="lg-16" display="no" color="cyan">
         <name>vectors</name>
         <run_address>0x3fffc2</run_address>
         <size>0x0</size>
         <contents>
         </contents>
      </logical_group>
      <logical_group id="lg-18" display="no" color="cyan">
         <name>PieVectTableFile</name>
         <run_address>0xd00</run_address>
         <size>0x100</size>
         <contents>
            <object_component_ref idref="oc-a3"/>
         </contents>
      </logical_group>
      <logical_group id="lg-1a" display="no" color="cyan">
         <name>EmuKeyVar</name>
         <run_address>0xd00</run_address>
         <size>0x1</size>
         <contents>
            <object_component_ref idref="oc-6b"/>
         </contents>
      </logical_group>
      <logical_group id="lg-1b" display="no" color="cyan">
         <name>EmuBModeVar</name>
         <run_address>0xd01</run_address>
         <size>0x1</size>
         <contents>
            <object_component_ref idref="oc-6c"/>
         </contents>
      </logical_group>
      <logical_group id="lg-1c" display="no" color="cyan">
         <name>FlashCallbackVar</name>
         <run_address>0xd02</run_address>
         <size>0x2</size>
         <contents>
            <object_component_ref idref="oc-6e"/>
         </contents>
      </logical_group>
      <logical_group id="lg-1d" display="no" color="cyan">
         <name>FlashScalingVar</name>
         <run_address>0xd04</run_address>
         <size>0x2</size>
         <contents>
            <object_component_ref idref="oc-6d"/>
         </contents>
      </logical_group>
      <logical_group id="lg-19" display="no" color="cyan">
         <name>GROUP_2</name>
         <run_address>0xd00</run_address>
         <size>0x6</size>
         <contents>
            <logical_group_ref idref="lg-1a"/>
            <logical_group_ref idref="lg-1b"/>
            <logical_group_ref idref="lg-1c"/>
            <logical_group_ref idref="lg-1d"/>
         </contents>
      </logical_group>
      <overlay id="lg-17" display="no" color="cyan">
         <name>UNION_1</name>
         <run_address>0xd00</run_address>
         <size>0x100</size>
         <contents>
            <logical_group_ref idref="lg-18"/>
            <logical_group_ref idref="lg-19"/>
         </contents>
      </overlay>
      <logical_group id="lg-1e" display="no" color="cyan">
         <name>DevEmuRegsFile</name>
         <run_address>0x880</run_address>
         <size>0x4</size>
         <contents>
            <object_component_ref idref="oc-70"/>
         </contents>
      </logical_group>
      <logical_group id="lg-1f" display="no" color="cyan">
         <name>SysPwrCtrlRegsFile</name>
         <run_address>0x985</run_address>
         <size>0x3</size>
         <contents>
            <object_component_ref idref="oc-6f"/>
         </contents>
      </logical_group>
      <logical_group id="lg-20" display="no" color="cyan">
         <name>FlashRegsFile</name>
         <run_address>0xa80</run_address>
         <size>0x8</size>
         <contents>
            <object_component_ref idref="oc-75"/>
         </contents>
      </logical_group>
      <logical_group id="lg-21" display="no" color="cyan">
         <name>CsmRegsFile</name>
         <run_address>0xae0</run_address>
         <size>0x10</size>
         <contents>
            <object_component_ref idref="oc-77"/>
         </contents>
      </logical_group>
      <logical_group id="lg-22" display="no" color="cyan">
         <name>AdcResultFile</name>
         <run_address>0xb00</run_address>
         <size>0x10</size>
         <contents>
            <object_component_ref idref="oc-76"/>
         </contents>
      </logical_group>
      <logical_group id="lg-23" display="no" color="cyan">
         <name>CpuTimer0RegsFile</name>
         <run_address>0xc00</run_address>
         <size>0x8</size>
         <contents>
            <object_component_ref idref="oc-71"/>
         </contents>
      </logical_group>
      <logical_group id="lg-24" display="no" color="cyan">
         <name>CpuTimer1RegsFile</name>
         <run_address>0xc08</run_address>
         <size>0x8</size>
         <contents>
            <object_component_ref idref="oc-72"/>
         </contents>
      </logical_group>
      <logical_group id="lg-25" display="no" color="cyan">
         <name>CpuTimer2RegsFile</name>
         <run_address>0xc10</run_address>
         <size>0x8</size>
         <contents>
            <object_component_ref idref="oc-73"/>
         </contents>
      </logical_group>
      <logical_group id="lg-26" display="no" color="cyan">
         <name>PieCtrlRegsFile</name>
         <run_address>0xce0</run_address>
         <size>0x1a</size>
         <contents>
            <object_component_ref idref="oc-82"/>
         </contents>
      </logical_group>
      <logical_group id="lg-27" display="no" color="cyan">
         <name>Cla1RegsFile</name>
         <run_address>0x1400</run_address>
         <size>0x40</size>
         <contents>
            <object_component_ref idref="oc-92"/>
         </contents>
      </logical_group>
      <logical_group id="lg-28" display="no" color="cyan">
         <name>DmaRegsFile</name>
         <run_address>0x1000</run_address>
         <size>0xe0</size>
         <contents>
            <object_component_ref idref="oc-a1"/>
         </contents>
      </logical_group>
      <logical_group id="lg-29" display="no" color="cyan">
         <name>ECanaRegsFile</name>
         <run_address>0x6000</run_address>
         <size>0x34</size>
         <contents>
            <object_component_ref idref="oc-91"/>
         </contents>
      </logical_group>
      <logical_group id="lg-2a" display="no" color="cyan">
         <name>ECanaLAMRegsFile</name>
         <run_address>0x6040</run_address>
         <size>0x40</size>
         <contents>
            <object_component_ref idref="oc-93"/>
         </contents>
      </logical_group>
      <logical_group id="lg-2b" display="no" color="cyan">
         <name>ECanaMboxesFile</name>
         <run_address>0x6100</run_address>
         <size>0x100</size>
         <contents>
            <object_component_ref idref="oc-a2"/>
         </contents>
      </logical_group>
      <logical_group id="lg-2c" display="no" color="cyan">
         <name>ECanaMOTSRegsFile</name>
         <run_address>0x6080</run_address>
         <size>0x40</size>
         <contents>
            <object_component_ref idref="oc-94"/>
         </contents>
      </logical_group>
      <logical_group id="lg-2d" display="no" color="cyan">
         <name>ECanaMOTORegsFile</name>
         <run_address>0x60c0</run_address>
         <size>0x40</size>
         <contents>
            <object_component_ref idref="oc-95"/>
         </contents>
      </logical_group>
      <logical_group id="lg-2e" display="no" color="cyan">
         <name>ECap1RegsFile</name>
         <run_address>0x6a00</run_address>
         <size>0x20</size>
         <contents>
            <object_component_ref idref="oc-83"/>
         </contents>
      </logical_group>
      <logical_group id="lg-2f" display="no" color="cyan">
         <name>ECap2RegsFile</name>
         <run_address>0x6a20</run_address>
         <size>0x20</size>
         <contents>
            <object_component_ref idref="oc-84"/>
         </contents>
      </logical_group>
      <logical_group id="lg-30" display="no" color="cyan">
         <name>ECap3RegsFile</name>
         <run_address>0x6a40</run_address>
         <size>0x20</size>
         <contents>
            <object_component_ref idref="oc-85"/>
         </contents>
      </logical_group>
      <logical_group id="lg-31" display="no" color="cyan">
         <name>EQep1RegsFile</name>
         <run_address>0x6b00</run_address>
         <size>0x22</size>
         <contents>
            <object_component_ref idref="oc-8c"/>
         </contents>
      </logical_group>
      <logical_group id="lg-32" display="no" color="cyan">
         <name>EQep2RegsFile</name>
         <run_address>0x6b40</run_address>
         <size>0x22</size>
         <contents>
            <object_component_ref idref="oc-8d"/>
         </contents>
      </logical_group>
      <logical_group id="lg-33" display="no" color="cyan">
         <name>GpioCtrlRegsFile</name>
         <run_address>0x6f80</run_address>
         <size>0x40</size>
         <contents>
            <object_component_ref idref="oc-9f"/>
         </contents>
      </logical_group>
      <logical_group id="lg-34" display="no" color="cyan">
         <name>GpioDataRegsFile</name>
         <run_address>0x6fc0</run_address>
         <size>0x20</size>
         <contents>
            <object_component_ref idref="oc-86"/>
         </contents>
      </logical_group>
      <logical_group id="lg-35" display="no" color="cyan">
         <name>GpioIntRegsFile</name>
         <run_address>0x6fe0</run_address>
         <size>0x20</size>
         <contents>
            <object_component_ref idref="oc-87"/>
         </contents>
      </logical_group>
      <logical_group id="lg-36" display="no" color="cyan">
         <name>HRCap1RegsFile</name>
         <run_address>0x6ac0</run_address>
         <size>0x20</size>
         <contents>
            <object_component_ref idref="oc-88"/>
         </contents>
      </logical_group>
      <logical_group id="lg-37" display="no" color="cyan">
         <name>HRCap2RegsFile</name>
         <run_address>0x6ae0</run_address>
         <size>0x20</size>
         <contents>
            <object_component_ref idref="oc-89"/>
         </contents>
      </logical_group>
      <logical_group id="lg-38" display="no" color="cyan">
         <name>HRCap3RegsFile</name>
         <run_address>0x6c80</run_address>
         <size>0x20</size>
         <contents>
            <object_component_ref idref="oc-8a"/>
         </contents>
      </logical_group>
      <logical_group id="lg-39" display="no" color="cyan">
         <name>HRCap4RegsFile</name>
         <run_address>0x6ca0</run_address>
         <size>0x20</size>
         <contents>
            <object_component_ref idref="oc-8b"/>
[...]
         <object_component_ref idref="oc-cc"/>
      </symbol>
      <symbol id="sm-53e">
         <name>_PackWord</name>
         <value>0x3f473e</value>
         <object_component_ref idref="oc-115"/>
      </symbol>
      <symbol id="sm-540">
         <name>_ButtonSet</name>
         <value>0x3f47a1</value>
         <object_component_ref idref="oc-115"/>
      </symbol>
      <symbol id="sm-542">
         <name>_SendTaskPtr</name>
         <value>0xa19b</value>
         <object_component_ref idref="oc-cc"/>
      </symbol>
      <symbol id="sm-543">
         <name>_dataOut</name>
         <value>0xa1a1</value>
         <object_component_ref idref="oc-cc"/>
      </symbol>
      <symbol id="sm-544">
         <name>_Temp</name>
         <value>0xa1ac</value>
         <object_component_ref idref="oc-cc"/>
      </symbol>
      <symbol id="sm-545">
         <name>_CmdPacket</name>
         <value>0xa0ba</value>
         <object_component_ref idref="oc-12a"/>
      </symbol>
      <symbol id="sm-546">
         <name>_MemGetPtr</name>
         <value>0xa1a4</value>
         <object_component_ref idref="oc-cc"/>
      </symbol>
      <symbol id="sm-547">
         <name>_SerialHostComms</name>
         <value>0x3f4677</value>
         <object_component_ref idref="oc-115"/>
      </symbol>
      <symbol id="sm-549">
         <name>_RxChar</name>
         <value>0xa19c</value>
         <object_component_ref idref="oc-cc"/>
      </symbol>
      <symbol id="sm-54a">
         <name>_EchoSizeByte</name>
         <value>0x3f46f0</value>
         <object_component_ref idref="oc-115"/>
      </symbol>
      <symbol id="sm-54c">
         <name>_GetCmdByte</name>
         <value>0x3f467c</value>
         <object_component_ref idref="oc-115"/>
      </symbol>
      <symbol id="sm-54e">
         <name>_memDataPtr</name>
         <value>0xa1a8</value>
         <object_component_ref idref="oc-cc"/>
      </symbol>
      <symbol id="sm-54f">
         <name>_TextSet</name>
         <value>0x3f4790</value>
         <object_component_ref idref="oc-115"/>
      </symbol>
      <symbol id="sm-551">
         <name>_LowByteFlag</name>
         <value>0xa19a</value>
         <object_component_ref idref="oc-cc"/>
      </symbol>
      <symbol id="sm-552">
         <name>_VariableGet</name>
         <value>0x3f47c3</value>
         <object_component_ref idref="oc-115"/>
      </symbol>
      <symbol id="sm-554">
         <name>_RcvTaskPointer</name>
         <value>0xa1a6</value>
         <object_component_ref idref="oc-cc"/>
      </symbol>
      <symbol id="sm-555">
         <name>_SpareTsk08</name>
         <value>0x3f47fd</value>
         <object_component_ref idref="oc-115"/>
      </symbol>
      <symbol id="sm-557">
         <name>_SpareTsk07</name>
         <value>0x3f47f8</value>
         <object_component_ref idref="oc-115"/>
      </symbol>
      <symbol id="sm-559">
         <name>_CmdInterpreter</name>
         <value>0x3f475c</value>
         <object_component_ref idref="oc-115"/>
      </symbol>
      <symbol id="sm-55b">
         <name>_EchoCmdByte</name>
         <value>0x3f46b5</value>
         <object_component_ref idref="oc-115"/>
      </symbol>
      <symbol id="sm-55d">
         <name>_NumWords</name>
         <value>0xa19f</value>
         <object_component_ref idref="oc-cc"/>
      </symbol>
      <symbol id="sm-55e">
         <name>_GetSizeByte</name>
         <value>0x3f46ce</value>
         <object_component_ref idref="oc-115"/>
      </symbol>
      <symbol id="sm-560">
         <name>_DataGet</name>
         <value>0x3f47c9</value>
         <object_component_ref idref="oc-115"/>
      </symbol>
      <symbol id="sm-562">
         <name>_TaskDoneFlag</name>
         <value>0xa19e</value>
         <object_component_ref idref="oc-cc"/>
      </symbol>
      <symbol id="sm-59c">
         <name>_GetCmdByteLin</name>
         <value>0x3f511b</value>
         <object_component_ref idref="oc-10d"/>
      </symbol>
      <symbol id="sm-59e">
         <name>_sdataALin</name>
         <value>0xa180</value>
         <object_component_ref idref="oc-d3"/>
      </symbol>
      <symbol id="sm-59f">
         <name>_GetDataByteLin</name>
         <value>0x3f5190</value>
         <object_component_ref idref="oc-10d"/>
      </symbol>
      <symbol id="sm-5a1">
         <name>_CmdPacketLin</name>
         <value>0xa1be</value>
         <object_component_ref idref="oc-112"/>
      </symbol>
      <symbol id="sm-5a2">
         <name>_GetIndexByteLin</name>
         <value>0x3f516a</value>
         <object_component_ref idref="oc-10d"/>
      </symbol>
      <symbol id="sm-5a4">
         <name>_Gui_wSysMode</name>
         <value>0xa184</value>
         <object_component_ref idref="oc-d3"/>
      </symbol>
      <symbol id="sm-5a5">
         <name>_Gui_wMPPT_OnOff</name>
         <value>0xa188</value>
         <object_component_ref idref="oc-d3"/>
      </symbol>
      <symbol id="sm-5a6">
         <name>_LinL0IntVect</name>
         <value>0xa18c</value>
         <object_component_ref idref="oc-d3"/>
      </symbol>
      <symbol id="sm-5a7">
         <name>_Gui_wPanelOutputPower</name>
         <value>0xa196</value>
         <object_component_ref idref="oc-d3"/>
      </symbol>
      <symbol id="sm-5a8">
         <name>_PackTxBuffersLin</name>
         <value>0x3f5223</value>
         <object_component_ref idref="oc-10d"/>
      </symbol>
      <symbol id="sm-5aa">
         <name>_Gui_wPanelVolt</name>
         <value>0xa190</value>
         <object_component_ref idref="oc-d3"/>
      </symbol>
      <symbol id="sm-5ab">
         <name>_Gui_wMPPT_Status</name>
         <value>0xa198</value>
         <object_component_ref idref="oc-d3"/>
      </symbol>
      <symbol id="sm-5ac">
         <name>_Gui_wBoostOutputVolt</name>
         <value>0xa194</value>
         <object_component_ref idref="oc-d3"/>
      </symbol>
      <symbol id="sm-5ad">
         <name>_SendDataByteLin</name>
         <value>0x3f51c3</value>
         <object_component_ref idref="oc-10d"/>
      </symbol>
      <symbol id="sm-5af">
         <name>_errorcount</name>
         <value>0xa183</value>
         <object_component_ref idref="oc-d3"/>
      </symbol>
      <symbol id="sm-5b0">
         <name>_Gui_wLLCOutputVolt</name>
         <value>0xa185</value>
         <object_component_ref idref="oc-d3"/>
      </symbol>
      <symbol id="sm-5b1">
         <name>_Gui_wPanelCurrent</name>
         <value>0xa192</value>
         <object_component_ref idref="oc-d3"/>
      </symbol>
      <symbol id="sm-5b2">
         <name>_Lina_Level0_ISR</name>
         <value>0x3f53a0</value>
         <object_component_ref idref="oc-d4"/>
      </symbol>
      <symbol id="sm-5b4">
         <name>_error</name>
         <value>0x3f522f</value>
         <object_component_ref idref="oc-10d"/>
      </symbol>
      <symbol id="sm-5b6">
         <name>_rdataALin</name>
         <value>0xa181</value>
         <object_component_ref idref="oc-d3"/>
      </symbol>
      <symbol id="sm-5b7">
         <name>_SerialHostCommsLin</name>
         <value>0x3f5116</value>
         <object_component_ref idref="oc-10d"/>
      </symbol>
      <symbol id="sm-5b9">
         <name>_iLin</name>
         <value>0xa182</value>
         <object_component_ref idref="oc-d3"/>
      </symbol>
      <symbol id="sm-5ba">
         <name>_EchoIndexByteLin</name>
         <value>0x3f5174</value>
         <object_component_ref idref="oc-10d"/>
      </symbol>
      <symbol id="sm-5bc">
         <name>_CompleteByteLin</name>
         <value>0x3f5207</value>
         <object_component_ref idref="oc-10d"/>
      </symbol>
      <symbol id="sm-5be">
         <name>_Gui_wTurnOff</name>
         <value>0xa187</value>
         <object_component_ref idref="oc-d3"/>
      </symbol>
      <symbol id="sm-5bf">
         <name>_SetupLin</name>
         <value>0x3f522b</value>
         <object_component_ref idref="oc-10d"/>
      </symbol>
      <symbol id="sm-5c1">
         <name>_EchoCmdByteLin</name>
         <value>0x3f5125</value>
         <object_component_ref idref="oc-10d"/>
      </symbol>
      <symbol id="sm-5c3">
         <name>_Gui_wTurnOn</name>
         <value>0xa186</value>
         <object_component_ref idref="oc-d3"/>
      </symbol>
      <symbol id="sm-5c4">
         <name>_UnpackRxBuffersLin</name>
         <value>0x3f5224</value>
         <object_component_ref idref="oc-10d"/>
      </symbol>
      <symbol id="sm-5c6">
         <name>_LinTestTemp</name>
         <value>0xa189</value>
         <object_component_ref idref="oc-d3"/>
      </symbol>
      <symbol id="sm-5c7">
         <name>_EchoDataByteLin</name>
         <value>0x3f51ab</value>
         <object_component_ref idref="oc-10d"/>
      </symbol>
      <symbol id="sm-5c9">
         <name>_RcvTaskPointerLin</name>
         <value>0xa18e</value>
         <object_component_ref idref="oc-d3"/>
      </symbol>
      <symbol id="sm-5ca">
         <name>_LinTestTemp2</name>
         <value>0xa18a</value>
         <object_component_ref idref="oc-d3"/>
      </symbol>
      <symbol id="sm-5d5">
         <name>__IQ24div</name>
         <value>0x3f5564</value>
         <object_component_ref idref="oc-d9"/>
      </symbol>
      <symbol id="sm-5d9">
         <name>_IQ16mpyRndSatTable</name>
         <value>0x3fe990</value>
         <object_component_ref idref="oc-da"/>
      </symbol>
      <symbol id="sm-5da">
         <name>_IQ24mpyRndSatTable</name>
         <value>0x3fe930</value>
         <object_component_ref idref="oc-da"/>
      </symbol>
      <symbol id="sm-5db">
         <name>_IQ13mpyRndSatTable</name>
         <value>0x3fe9b4</value>
         <object_component_ref idref="oc-da"/>
      </symbol>
      <symbol id="sm-5dc">
         <name>_IQ21mpyRndSatTable</name>
         <value>0x3fe954</value>
         <object_component_ref idref="oc-da"/>
      </symbol>
      <symbol id="sm-5dd">
         <name>_IQ10mpyRndSatTable</name>
         <value>0x3fe9d8</value>
         <object_component_ref idref="oc-da"/>
      </symbol>
      <symbol id="sm-5de">
         <name>_IQdivTable</name>
         <value>0x3fe410</value>
         <object_component_ref idref="oc-da"/>
      </symbol>
      <symbol id="sm-5df">
         <name>_IQ9mpyRndSatTable</name>
         <value>0x3fe9e4</value>
         <object_component_ref idref="oc-da"/>
      </symbol>
      <symbol id="sm-5e0">
         <name>_IQ6mpyRndSatTable</name>
         <value>0x3fea08</value>
         <object_component_ref idref="oc-da"/>
      </symbol>
      <symbol id="sm-5e1">
         <name>_IQatan2TableEnd</name>
         <value>0x3fe8e8</value>
         <object_component_ref idref="oc-da"/>
      </symbol>
      <symbol id="sm-5e2">
         <name>_IQdivTableEnd</name>
         <value>0x3fe612</value>
         <object_component_ref idref="oc-da"/>
      </symbol>
      <symbol id="sm-5e3">
         <name>_IQ29mpyRndSatTable</name>
         <value>0x3fe8f4</value>
         <object_component_ref idref="oc-da"/>
      </symbol>
      <symbol id="sm-5e4">
         <name>_IQ3mpyRndSatTable</name>
         <value>0x3fea2c</value>
         <object_component_ref idref="oc-da"/>
      </symbol>
      <symbol id="sm-5e5">
         <name>_IQ18mpyRndSatTable</name>
         <value>0x3fe978</value>
         <object_component_ref idref="oc-da"/>
      </symbol>
      <symbol id="sm-5e6">
         <name>_IQ26mpyRndSatTable</name>
         <value>0x3fe918</value>
         <object_component_ref idref="oc-da"/>
      </symbol>
      <symbol id="sm-5e7">
         <name>_IQcosTableEnd</name>
         <value>0x3fe402</value>
         <object_component_ref idref="oc-da"/>
      </symbol>
      <symbol id="sm-5e8">
         <name>_IQsinTableEnd</name>
         <value>0x3fe300</value>
         <object_component_ref idref="oc-da"/>
      </symbol>
      <symbol id="sm-5e9">
         <name>_IQ15mpyRndSatTable</name>
         <value>0x3fe99c</value>
         <object_component_ref idref="oc-da"/>
      </symbol>
      <symbol id="sm-5ea">
         <name>_IQ23mpyRndSatTable</name>
         <value>0x3fe93c</value>
         <object_component_ref idref="oc-da"/>
      </symbol>
      <symbol id="sm-5eb">
         <name>_IQ12mpyRndSatTable</name>
         <value>0x3fe9c0</value>
         <object_component_ref idref="oc-da"/>
      </symbol>
      <symbol id="sm-5ec">
         <name>_IQ20mpyRndSatTable</name>
         <value>0x3fe960</value>
         <object_component_ref idref="oc-da"/>
      </symbol>
      <symbol id="sm-5ed">
         <name>_IQisqrtTableEnd</name>
         <value>0x3fe724</value>
         <object_component_ref idref="oc-da"/>
      </symbol>
      <symbol id="sm-5ee">
         <name>_IQ8mpyRndSatTable</name>
         <value>0x3fe9f0</value>
         <object_component_ref idref="oc-da"/>
      </symbol>
      <symbol id="sm-5ef">
         <name>_IQisqrtRoundSatTable</name>
         <value>0x3fe612</value>
         <object_component_ref idref="oc-da"/>
      </symbol>
      <symbol id="sm-5f0">
         <name>_IQ5mpyRndSatTable</name>
         <value>0x3fea14</value>
         <object_component_ref idref="oc-da"/>
      </symbol>
      <symbol id="sm-5f1">
         <name>_IQmpyRndSatTable</name>
         <value>0x3fe8e8</value>
         <object_component_ref idref="oc-da"/>
      </symbol>
      <symbol id="sm-5f2">
         <name>_IQ28mpyRndSatTable</name>
         <value>0x3fe900</value>
         <object_component_ref idref="oc-da"/>
      </symbol>
      <symbol id="sm-5f3">
         <name>_IQatan2Table</name>
         <value>0x3fe762</value>
         <object_component_ref idref="oc-da"/>
      </symbol>
      <symbol id="sm-5f4">
         <name>_IQ2mpyRndSatTable</name>
         <value>0x3fea38</value>
         <object_component_ref idref="oc-da"/>
      </symbol>
      <symbol id="sm-5f5">
         <name>_IQatan2HalfPITable</name>
         <value>0x3fe724</value>
         <object_component_ref idref="oc-da"/>
      </symbol>
      <symbol id="sm-5f6">
         <name>_IQ17mpyRndSatTable</name>
         <value>0x3fe984</value>
         <object_component_ref idref="oc-da"/>
      </symbol>
      <symbol id="sm-5f7">
         <name>_IQ25mpyRndSatTable</name>
         <value>0x3fe924</value>
         <object_component_ref idref="oc-da"/>
      </symbol>
      <symbol id="sm-5f8">
         <name>_IQsqrtTable</name>
         <value>0x3fe622</value>
         <object_component_ref idref="oc-da"/>
      </symbol>
      <symbol id="sm-5f9">
         <name>_IQsqrtTableEnd</name>
         <value>0x3fe724</value>
         <object_component_ref idref="oc-da"/>
      </symbol>
      <symbol id="sm-5fa">
         <name>_IQ14mpyRndSatTable</name>
         <value>0x3fe9a8</value>
         <object_component_ref idref="oc-da"/>
      </symbol>
      <symbol id="sm-5fb">
         <name>_IQ22mpyRndSatTable</name>
         <value>0x3fe948</value>
         <object_component_ref idref="oc-da"/>
      </symbol>
      <symbol id="sm-5fc">
         <name>_IQ30mpyRndSatTable</name>
         <value>0x3fe8e8</value>
         <object_component_ref idref="oc-da"/>
      </symbol>
      <symbol id="sm-5fd">
         <name>_IQsqrtRoundSatTable</name>
         <value>0x3fe612</value>
         <object_component_ref idref="oc-da"/>
      </symbol>
      <symbol id="sm-5fe">
         <name>_IQ11mpyRndSatTable</name>
         <value>0x3fe9cc</value>
         <object_component_ref idref="oc-da"/>
      </symbol>
      <symbol id="sm-5ff">
         <name>_IQdivRoundSatTable</name>
         <value>0x3fe402</value>
         <object_component_ref idref="oc-da"/>
      </symbol>
      <symbol id="sm-600">
         <name>_IQ7mpyRndSatTable</name>
         <value>0x3fe9fc</value>
         <object_component_ref idref="oc-da"/>
      </symbol>
      <symbol id="sm-601">
         <name>_IQcosTable</name>
         <value>0x3fe000</value>
         <object_component_ref idref="oc-da"/>
      </symbol>
      <symbol id="sm-602">
         <name>_IQisqrtTable</name>
         <value>0x3fe622</value>
         <object_component_ref idref="oc-da"/>
      </symbol>
      <symbol id="sm-603">
         <name>_IQ4mpyRndSatTable</name>
         <value>0x3fea20</value>
         <object_component_ref idref="oc-da"/>
      </symbol>
      <symbol id="sm-604">
         <name>_IQ19mpyRndSatTable</name>
         <value>0x3fe96c</value>
         <object_component_ref idref="oc-da"/>
      </symbol>
      <symbol id="sm-605">
         <name>_IQ27mpyRndSatTable</name>
         <value>0x3fe90c</value>
         <object_component_ref idref="oc-da"/>
      </symbol>
      <symbol id="sm-606">
         <name>_IQmpyRndSatTableEnd</name>
         <value>0x3fea50</value>
         <object_component_ref idref="oc-da"/>
      </symbol>
      <symbol id="sm-607">
         <name>_IQ1mpyRndSatTable</name>
         <value>0x3fea44</value>
         <object_component_ref idref="oc-da"/>
      </symbol>
      <symbol id="sm-608">
         <name>_IQsinTable</name>
         <value>0x3fdf00</value>
         <object_component_ref idref="oc-da"/>
      </symbol>
      <symbol id="sm-623">
         <name>_c_int00</name>
         <value>0x3f534c</value>
         <object_component_ref idref="oc-53"/>
      </symbol>
      <symbol id="sm-624">
         <name>__stack</name>
         <value>0x50</value>
         <object_component_ref idref="oc-db"/>
      </symbol>
      <symbol id="sm-633">
         <name>_copy_in</name>
         <value>0x3f5414</value>
         <object_component_ref idref="oc-107"/>
      </symbol>
      <symbol id="sm-645">
         <name>_memcpy</name>
         <value>0x3f5438</value>
         <object_component_ref idref="oc-10e"/>
      </symbol>
      <symbol id="sm-652">
         <name>__system_pre_init</name>
         <value>0x3f547c</value>
         <object_component_ref idref="oc-106"/>
      </symbol>
      <symbol id="sm-660">
         <name>__system_post_cinit</name>
         <value>0x3f547e</value>
         <object_component_ref idref="oc-108"/>
      </symbol>
      <symbol id="sm-675">
         <name>C$$EXIT</name>
         <value>0x3f53eb</value>
         <object_component_ref idref="oc-10a"/>
      </symbol>
      <symbol id="sm-676">
         <name>_exit</name>
         <value>0x3f53ed</value>
         <object_component_ref idref="oc-10a"/>
      </symbol>
      <symbol id="sm-678">
         <name>___TI_cleanup_ptr</name>
         <value>0xa212</value>
         <object_component_ref idref="oc-f7"/>
      </symbol>
      <symbol id="sm-679">
         <name>___TI_enable_exit_profile_output</name>
         <value>0xa210</value>
         <object_component_ref idref="oc-f7"/>
      </symbol>
      <symbol id="sm-67a">
         <name>_abort</name>
         <value>0x3f53eb</value>
         <object_component_ref idref="oc-10a"/>
      </symbol>
      <symbol id="sm-67c">
         <name>___TI_dtors_ptr</name>
         <value>0xa214</value>
         <object_component_ref idref="oc-f7"/>
      </symbol>
      <symbol id="sm-690">
         <name>__unlock</name>
         <value>0xa224</value>
         <object_component_ref idref="oc-12f"/>
      </symbol>
      <symbol id="sm-691">
         <name>__lock</name>
         <value>0xa222</value>
         <object_component_ref idref="oc-110"/>
      </symbol>
      <symbol id="sm-692">
         <name>__register_lock</name>
         <value>0x3f546a</value>
         <object_component_ref idref="oc-128"/>
      </symbol>
      <symbol id="sm-694">
         <name>__nop</name>
         <value>0x3f546e</value>
         <object_component_ref idref="oc-128"/>
      </symbol>
      <symbol id="sm-696">
         <name>__register_unlock</name>
         <value>0x3f5466</value>
         <object_component_ref idref="oc-128"/>
      </symbol>
      <symbol id="sm-6a6">
         <name>__args_main</name>
         <value>0x3f5455</value>
         <object_component_ref idref="oc-109"/>
      </symbol>
   </symbol_table>
   <title>Link successful</title>
</link_info>
