******************************************************************************
             TMS320C2000 Linker PC v22.6.1                     
******************************************************************************
>> Linked Sat Jan 18 09:36:47 2025

OUTPUT FILE NAME:   <HV_Solar_DC_DC.out>
ENTRY POINT SYMBOL: "_c_int00"  address: 003f534c


MEMORY CONFIGURATION

         name            origin    length      used     unused   attr    fill
----------------------  --------  ---------  --------  --------  ----  --------
PAGE 0:
  RAML0                 00008000   00000800  000000fe  00000702  RWIX
  RAML1                 00008800   00000400  00000000  00000400  RWIX
  OTP                   003d7800   00000400  00000000  00000400  RWIX
  FLASHH                003d8000   00004000  00000000  00004000  RWIX
  FLASHG                003dc000   00004000  00000000  00004000  RWIX
  FLASHF                003e0000   00004000  00000000  00004000  RWIX
  FLASHE                003e4000   00004000  00000000  00004000  RWIX
  FLASHD                003e8000   00004000  000000fe  00003f02  RWIX
  FLASHC                003ec000   00004000  00000000  00004000  RWIX
  FLASHA                003f4000   00003f80  000015ab  000029d5  RWIX
  CSM_RSVD              003f7f80   00000076  00000000  00000076  RWIX
  BEGIN                 003f7ff6   00000002  00000002  00000000  RWIX
  CSM_PWL_P0            003f7ff8   00000008  00000000  00000008  RWIX
  FPUTABLES             003fd860   000006a0  00000000  000006a0  RWIX
  IQTABLES              003fdf00   00000b50  00000b50  00000000  RWIX
  IQTABLES2             003fea50   0000008c  00000000  0000008c  RWIX
  IQTABLES3             003feadc   000000aa  00000000  000000aa  RWIX
  ROM                   003ff3b0   00000c10  00000000  00000c10  RWIX
  RESET                 003fffc0   00000002  00000000  00000002  RWIX
  VECTORS               003fffc2   0000003e  00000000  0000003e  RWIX

PAGE 1:
  BOOT_RSVD             00000000   00000050  00000050  00000000  RWIX
  RAMM0                 00000050   000003b0  00000394  0000001c  RWIX
  RAMM1                 00000400   00000400  00000000  00000400  RWIX
  DEV_EMU               00000880   00000105  00000004  00000101  RWIX
  SYS_PWR_CTL           00000985   00000003  00000003  00000000  RWIX
  FLASH_REGS            00000a80   00000060  00000008  00000058  RWIX
  CSM                   00000ae0   00000020  00000010  00000010  RWIX
  ADC_RESULT            00000b00   00000020  00000010  00000010  RWIX
  CPU_TIMER0            00000c00   00000008  00000008  00000000  RWIX
  CPU_TIMER1            00000c08   00000008  00000008  00000000  RWIX
  CPU_TIMER2            00000c10   00000008  00000008  00000000  RWIX
  PIE_CTRL              00000ce0   00000020  0000001a  00000006  RWIX
  PIE_VECT              00000d00   00000100  00000100  00000000  RWIX
  DMA                   00001000   00000200  000000e0  00000120  RWIX
  CLA1                  00001400   00000080  00000040  00000040  RWIX
  USB0                  00004000   00001000  00000454  00000bac  RWIX
  McBSPA                00005000   00000040  00000024  0000001c  RWIX
  ECANA                 00006000   00000040  00000034  0000000c  RWIX
  ECANA_LAM             00006040   00000040  00000040  00000000  RWIX
  ECANA_MOTS            00006080   00000040  00000040  00000000  RWIX
  ECANA_MOTO            000060c0   00000040  00000040  00000000  RWIX
  ECANA_MBOX            00006100   00000100  00000100  00000000  RWIX
  COMP1                 00006400   00000020  00000014  0000000c  RWIX
  COMP2                 00006420   00000020  00000014  0000000c  RWIX
  COMP3                 00006440   00000020  00000014  0000000c  RWIX
  EPWM1                 00006800   00000040  00000040  00000000  RWIX
  EPWM2                 00006840   00000040  00000040  00000000  RWIX
  EPWM3                 00006880   00000040  00000040  00000000  RWIX
  EPWM4                 000068c0   00000040  00000040  00000000  RWIX
  EPWM5                 00006900   00000040  00000040  00000000  RWIX
  EPWM6                 00006940   00000040  00000040  00000000  RWIX
  EPWM7                 00006980   00000040  00000040  00000000  RWIX
  EPWM8                 000069c0   00000040  00000040  00000000  RWIX
  ECAP1                 00006a00   00000020  00000020  00000000  RWIX
  ECAP2                 00006a20   00000020  00000020  00000000  RWIX
  ECAP3                 00006a40   00000020  00000020  00000000  RWIX
  HRCAP1                00006ac0   00000020  00000020  00000000  RWIX
  HRCAP2                00006ae0   00000020  00000020  00000000  RWIX
  EQEP1                 00006b00   00000040  00000022  0000001e  RWIX
  EQEP2                 00006b40   00000040  00000022  0000001e  RWIX
  HRCAP3                00006c80   00000020  00000020  00000000  RWIX
  HRCAP4                00006ca0   00000020  00000020  00000000  RWIX
  GPIOCTRL              00006f80   00000040  00000040  00000000  RWIX
  GPIODAT               00006fc0   00000020  00000020  00000000  RWIX
  GPIOINT               00006fe0   00000020  00000020  00000000  RWIX
  SYSTEM                00007010   00000030  00000030  00000000  RWIX
  SPIA                  00007040   00000010  00000010  00000000  RWIX
  SCIA                  00007050   00000010  00000010  00000000  RWIX
  NMIINTRUPT            00007060   00000010  00000010  00000000  RWIX
  XINTRUPT              00007070   00000010  00000010  00000000  RWIX
  ADC                   00007100   00000080  00000050  00000030  RWIX
  SPIB                  00007740   00000010  00000010  00000000  RWIX
  SCIB                  00007750   00000010  00000010  00000000  RWIX
  I2CA                  00007900   00000040  00000022  0000001e  RWIX
  RAML2                 00008c00   00000400  00000000  00000400  RWIX
  RAML3                 00009000   00001000  00000000  00001000  RWIX
  RAML4                 0000a000   00002000  00000226  00001dda  RWIX
  RAML5                 0000c000   00002000  00000000  00002000  RWIX
  RAML6                 0000e000   00002000  00000000  00002000  RWIX
  RAML7                 00010000   00002000  00000000  00002000  RWIX
  RAML8                 00012000   00002000  00000000  00002000  RWIX
  USB_RAM               00040000   00000800  00000000  00000800  RWIX
  PARTID                003d7e80   00000001  00000001  00000000  RWIX
  FLASHB                003f0000   00004000  00000000  00004000  RWIX
  CSM_PWL               003f7ff8   00000008  00000008  00000000  RWIX


SECTION ALLOCATION MAP

 output                                  attributes/
section   page    origin      length       input sections
--------  ----  ----------  ----------   ----------------
.cinit     0    003f547f    000000e5     
                  003f547f    00000054     HV_Solar_DC_DC-Main.obj (.cinit)
                  003f54d3    00000020     SolarHv_DCDC-Lin.obj (.cinit)
                  003f54f3    00000013     HV_Solar_DC_DC-Main.obj (.cinit:_ACQPS)
                  003f5506    00000013     HV_Solar_DC_DC-Main.obj (.cinit:_ChSel)
                  003f5519    00000013     HV_Solar_DC_DC-Main.obj (.cinit:_TrigSel)
                  003f552c    00000013     HV_Solar_DC_DC-Main.obj (.cinit:_ePWM)
                  003f553f    0000000e     rts2800_ml.lib : exit.c.obj (.cinit)
                  003f554d    0000000b     HV_Solar_DC_DC-Main.obj (.cinit:_Comp)
                  003f5558    00000005     rts2800_ml.lib : _lock.c.obj (.cinit:__lock)
                  003f555d    00000005                    : _lock.c.obj (.cinit:__unlock)
                  003f5562    00000002     --HOLE-- [fill = 0]

.pinit     0    003f4000    00000000     UNINITIALIZED

ramfuncs   0    003e8000    000000fe     RUN ADDR = 00008000
                  003e8000    000000df     HV_Solar_DC_DC-DPL-ISR.obj (ramfuncs)
                  003e80df    0000001b     HV_Solar_DC_DC_DevInit_F2803x.obj (ramfuncs)
                  003e80fa    00000004     DSP2803x_usDelay.obj (ramfuncs)

.text      0    003f4000    0000147f     
                  003f4000    00000619     HV_Solar_DC_DC-Main.obj (.text)
                  003f4619    0000024c     SciCommsGui.obj (.text)
                  003f4865    0000022b     PWM_1ch_UpDwnCnt_Cnf.obj (.text)
                  003f4a90    000001d5     HV_Solar_DC_DC_DevInit_F2803x.obj (.text)
                  003f4c65    000001c2     ADC_SOC_Cnf.obj (.text)
                  003f4e27    0000017d     HV_Solar_DC_DC-Main.obj (.text:retain)
                  003f4fa4    00000172     PWM_ComplPairDB_Cnf.obj (.text)
                  003f5116    0000012e     SolarHv_DCDC-Lin.obj (.text)
                  003f5244    0000009d     F2806x_ECan.obj (.text)
                  003f52e1    0000006b     HV_Solar_DC_DC-DPL-ISR.obj (.text)
                  003f534c    00000054     rts2800_ml.lib : boot28.asm.obj (.text)
                  003f53a0    0000004b     SolarHv_DCDC-Lin.obj (.text:retain)
                  003f53eb    00000029     rts2800_ml.lib : exit.c.obj (.text)
                  003f5414    00000024                    : cpy_tbl.c.obj (.text)
                  003f5438    0000001d                    : memcpy.c.obj (.text)
                  003f5455    00000011                    : args_main.c.obj (.text)
                  003f5466    00000009                    : _lock.c.obj (.text)
                  003f546f    00000008     DSP2803x_CodeStartBranch.obj (.text)
                  003f5477    00000005     HV_Solar_DC_DC_DevInit_F2803x.obj (.text:retain)
                  003f547c    00000002     rts2800_ml.lib : pre_init.c.obj (.text)
                  003f547e    00000001                    : startup.c.obj (.text)

codestart 
*          0    003f7ff6    00000002     
                  003f7ff6    00000002     DSP2803x_CodeStartBranch.obj (codestart)

.stack     1    00000050    00000380     UNINITIALIZED
                  00000050    00000380     --HOLE--

.ebss      1    0000a000    00000226     UNINITIALIZED
                  0000a000    000000ba     HV_Solar_DC_DC-Main.obj (.ebss)
                  0000a0ba    00000006     SciCommsGui.obj (.ebss:_CmdPacket)
                  0000a0c0    00000020     SciCommsGui.obj (.ebss:_CmdDispatcher)
                  0000a0e0    00000020     HV_Solar_DC_DC-Main.obj (.ebss:_arrayGetList)
                  0000a100    00000020     HV_Solar_DC_DC-Main.obj (.ebss:_varGetList)
                  0000a120    00000020     HV_Solar_DC_DC-Main.obj (.ebss:_varSetBtnList)
                  0000a140    00000020     HV_Solar_DC_DC-Main.obj (.ebss:_varSetSldrList)
                  0000a160    00000020     HV_Solar_DC_DC-Main.obj (.ebss:_varSetTxtList)
                  0000a180    0000001a     SolarHv_DCDC-Lin.obj (.ebss)
                  0000a19a    00000014     SciCommsGui.obj (.ebss)
                  0000a1ae    00000010     HV_Solar_DC_DC-Main.obj (.ebss:_ACQPS)
                  0000a1be    00000002     SolarHv_DCDC-Lin.obj (.ebss:_CmdPacketLin)
                  0000a1c0    00000010     HV_Solar_DC_DC-Main.obj (.ebss:_ChSel)
                  0000a1d0    00000010     HV_Solar_DC_DC-Main.obj (.ebss:_TrigSel)
                  0000a1e0    00000010     HV_Solar_DC_DC-Main.obj (.ebss:_ePWM)
                  0000a1f0    00000008     HV_Solar_DC_DC-Main.obj (.ebss:_Comp)
                  0000a1f8    00000008     HV_Solar_DC_DC-Main.obj (.ebss:_Hist_IL)
                  0000a200    00000008     HV_Solar_DC_DC-Main.obj (.ebss:_Hist_Vb_fb)
                  0000a208    00000008     HV_Solar_DC_DC-Main.obj (.ebss:_Hist_Vp_fb)
                  0000a210    00000006     rts2800_ml.lib : exit.c.obj (.ebss)
                  0000a216    00000004     HV_Solar_DC_DC-Main.obj (.ebss:_VTimer0)
                  0000a21a    00000004     HV_Solar_DC_DC-Main.obj (.ebss:_VTimer1)
                  0000a21e    00000004     HV_Solar_DC_DC-Main.obj (.ebss:_VTimer2)
                  0000a222    00000002     rts2800_ml.lib : _lock.c.obj (.ebss:__lock)
                  0000a224    00000002                    : _lock.c.obj (.ebss:__unlock)

IQmath     0    003f5564    00000047     
                  003f5564    00000047     IQmath.lib : IQ24div.obj (IQmath)

IQmathTables 
*          0    003fdf00    00000b50     NOLOAD SECTION
                  003fdf00    00000b50     IQmath.lib : IQmathTables.obj (IQmathTables)

.reset     0    003fffc0    00000002     DSECT
                  003fffc0    00000002     rts2800_ml.lib : boot28.asm.obj (.reset)

vectors    0    003fffc2    00000000     DSECT

CNTL_2P2Z_Section 
*          1    00000000    00000024     UNINITIALIZED
                  00000000    00000024     HV_Solar_DC_DC-DPL-ISR.obj (CNTL_2P2Z_Section)

CNTL_2P2Z_Coef 
*          1    00000024    0000001c     UNINITIALIZED
                  00000024    0000001c     HV_Solar_DC_DC-Main.obj (CNTL_2P2Z_Coef)

MATH_EMAVG_Section 
*          1    00000040    0000000c     UNINITIALIZED
                  00000040    0000000c     HV_Solar_DC_DC-DPL-ISR.obj (MATH_EMAVG_Section)

ISRVariables 
*          1    0000004c    00000002     UNINITIALIZED
                  0000004c    00000002     HV_Solar_DC_DC-DPL-ISR.obj (ISRVariables)

PWMDRV_1ch_UpDwnCnt_Section 
*          1    000003d0    0000000c     UNINITIALIZED
                  000003d0    0000000c     HV_Solar_DC_DC-DPL-ISR.obj (PWMDRV_1ch_UpDwnCnt_Section)

DevEmuRegsFile 
*          1    00000880    00000004     UNINITIALIZED
                  00000880    00000004     F2806x_GlobalVariableDefs.obj (DevEmuRegsFile)

SysPwrCtrlRegsFile 
*          1    00000985    00000003     UNINITIALIZED
                  00000985    00000003     F2806x_GlobalVariableDefs.obj (SysPwrCtrlRegsFile)

FlashRegsFile 
*          1    00000a80    00000008     UNINITIALIZED
                  00000a80    00000008     F2806x_GlobalVariableDefs.obj (FlashRegsFile)

CsmRegsFile 
*          1    00000ae0    00000010     UNINITIALIZED
                  00000ae0    00000010     F2806x_GlobalVariableDefs.obj (CsmRegsFile)

AdcResultFile 
*          1    00000b00    00000010     UNINITIALIZED
                  00000b00    00000010     F2806x_GlobalVariableDefs.obj (AdcResultFile)

CpuTimer0RegsFile 
*          1    00000c00    00000008     UNINITIALIZED
                  00000c00    00000008     F2806x_GlobalVariableDefs.obj (CpuTimer0RegsFile)

CpuTimer1RegsFile 
*          1    00000c08    00000008     UNINITIALIZED
                  00000c08    00000008     F2806x_GlobalVariableDefs.obj (CpuTimer1RegsFile)

CpuTimer2RegsFile 
*          1    00000c10    00000008     UNINITIALIZED
                  00000c10    00000008     F2806x_GlobalVariableDefs.obj (CpuTimer2RegsFile)

PieCtrlRegsFile 
*          1    00000ce0    0000001a     UNINITIALIZED
                  00000ce0    0000001a     F2806x_GlobalVariableDefs.obj (PieCtrlRegsFile)

PieVectTableFile 
*          1    00000d00    00000100     UNINITIALIZED
                  00000d00    00000100     F2806x_GlobalVariableDefs.obj (PieVectTableFile)

EmuKeyVar 
*          1    00000d00    00000001     UNINITIALIZED
                  00000d00    00000001     F2806x_GlobalVariableDefs.obj (EmuKeyVar)

EmuBModeVar 
*          1    00000d01    00000001     UNINITIALIZED
                  00000d01    00000001     F2806x_GlobalVariableDefs.obj (EmuBModeVar)

FlashCallbackVar 
*          1    00000d02    00000002     UNINITIALIZED
                  00000d02    00000002     F2806x_GlobalVariableDefs.obj (FlashCallbackVar)

FlashScalingVar 
*          1    00000d04    00000002     UNINITIALIZED
                  00000d04    00000002     F2806x_GlobalVariableDefs.obj (FlashScalingVar)

DmaRegsFile 
*          1    00001000    000000e0     UNINITIALIZED
                  00001000    000000e0     F2806x_GlobalVariableDefs.obj (DmaRegsFile)

Cla1RegsFile 
*          1    00001400    00000040     UNINITIALIZED
                  00001400    00000040     F2806x_GlobalVariableDefs.obj (Cla1RegsFile)

Usb0RegsFile 
*          1    00004000    00000454     UNINITIALIZED
                  00004000    00000454     F2806x_GlobalVariableDefs.obj (Usb0RegsFile)

McbspaRegsFile 
*          1    00005000    00000024     UNINITIALIZED
                  00005000    00000024     F2806x_GlobalVariableDefs.obj (McbspaRegsFile)

ECanaRegsFile 
*          1    00006000    00000034     UNINITIALIZED
                  00006000    00000034     F2806x_GlobalVariableDefs.obj (ECanaRegsFile)

ECanaLAMRegsFile 
*          1    00006040    00000040     UNINITIALIZED
                  00006040    00000040     F2806x_GlobalVariableDefs.obj (ECanaLAMRegsFile)

ECanaMOTSRegsFile 
*          1    00006080    00000040     UNINITIALIZED
                  00006080    00000040     F2806x_GlobalVariableDefs.obj (ECanaMOTSRegsFile)

ECanaMOTORegsFile 
*          1    000060c0    00000040     UNINITIALIZED
                  000060c0    00000040     F2806x_GlobalVariableDefs.obj (ECanaMOTORegsFile)

ECanaMboxesFile 
*          1    00006100    00000100     UNINITIALIZED
                  00006100    00000100     F2806x_GlobalVariableDefs.obj (ECanaMboxesFile)

Comp1RegsFile 
*          1    00006400    00000014     UNINITIALIZED
                  00006400    00000014     F2806x_GlobalVariableDefs.obj (Comp1RegsFile)

Comp2RegsFile 
*          1    00006420    00000014     UNINITIALIZED
                  00006420    00000014     F2806x_GlobalVariableDefs.obj (Comp2RegsFile)

Comp3RegsFile 
*          1    00006440    00000014     UNINITIALIZED
                  00006440    00000014     F2806x_GlobalVariableDefs.obj (Comp3RegsFile)

EPwm1RegsFile 
*          1    00006800    00000040     UNINITIALIZED
                  00006800    00000040     F2806x_GlobalVariableDefs.obj (EPwm1RegsFile)

EPwm2RegsFile 
*          1    00006840    00000040     UNINITIALIZED
                  00006840    00000040     F2806x_GlobalVariableDefs.obj (EPwm2RegsFile)

EPwm3RegsFile 
*          1    00006880    00000040     UNINITIALIZED
                  00006880    00000040     F2806x_GlobalVariableDefs.obj (EPwm3RegsFile)

EPwm4RegsFile 
*          1    000068c0    00000040     UNINITIALIZED
                  000068c0    00000040     F2806x_GlobalVariableDefs.obj (EPwm4RegsFile)

EPwm5RegsFile 
*          1    00006900    00000040     UNINITIALIZED
                  00006900    00000040     F2806x_GlobalVariableDefs.obj (EPwm5RegsFile)

EPwm6RegsFile 
*          1    00006940    00000040     UNINITIALIZED
                  00006940    00000040     F2806x_GlobalVariableDefs.obj (EPwm6RegsFile)

EPwm7RegsFile 
*          1    00006980    00000040     UNINITIALIZED
                  00006980    00000040     F2806x_GlobalVariableDefs.obj (EPwm7RegsFile)

EPwm8RegsFile 
*          1    000069c0    00000040     UNINITIALIZED
                  000069c0    00000040     F2806x_GlobalVariableDefs.obj (EPwm8RegsFile)

ECap1RegsFile 
*          1    00006a00    00000020     UNINITIALIZED
                  00006a00    00000020     F2806x_GlobalVariableDefs.obj (ECap1RegsFile)

ECap2RegsFile 
*          1    00006a20    00000020     UNINITIALIZED
                  00006a20    00000020     F2806x_GlobalVariableDefs.obj (ECap2RegsFile)

ECap3RegsFile 
*          1    00006a40    00000020     UNINITIALIZED
                  00006a40    00000020     F2806x_GlobalVariableDefs.obj (ECap3RegsFile)

HRCap1RegsFile 
*          1    00006ac0    00000020     UNINITIALIZED
                  00006ac0    00000020     F2806x_GlobalVariableDefs.obj (HRCap1RegsFile)

HRCap2RegsFile 
*          1    00006ae0    00000020     UNINITIALIZED
                  00006ae0    00000020     F2806x_GlobalVariableDefs.obj (HRCap2RegsFile)

EQep1RegsFile 
*          1    00006b00    00000022     UNINITIALIZED
                  00006b00    00000022     F2806x_GlobalVariableDefs.obj (EQep1RegsFile)

EQep2RegsFile 
*          1    00006b40    00000022     UNINITIALIZED
                  00006b40    00000022     F2806x_GlobalVariableDefs.obj (EQep2RegsFile)

HRCap3RegsFile 
*          1    00006c80    00000020     UNINITIALIZED
                  00006c80    00000020     F2806x_GlobalVariableDefs.obj (HRCap3RegsFile)

HRCap4RegsFile 
*          1    00006ca0    00000020     UNINITIALIZED
                  00006ca0    00000020     F2806x_GlobalVariableDefs.obj (HRCap4RegsFile)

GpioCtrlRegsFile 
*          1    00006f80    00000040     UNINITIALIZED
                  00006f80    00000040     F2806x_GlobalVariableDefs.obj (GpioCtrlRegsFile)

GpioDataRegsFile 
*          1    00006fc0    00000020     UNINITIALIZED
                  00006fc0    00000020     F2806x_GlobalVariableDefs.obj (GpioDataRegsFile)

GpioIntRegsFile 
*          1    00006fe0    00000020     UNINITIALIZED
                  00006fe0    00000020     F2806x_GlobalVariableDefs.obj (GpioIntRegsFile)

SysCtrlRegsFile 
*          1    00007010    00000030     UNINITIALIZED
                  00007010    00000030     F2806x_GlobalVariableDefs.obj (SysCtrlRegsFile)

SpiaRegsFile 
*          1    00007040    00000010     UNINITIALIZED
                  00007040    00000010     F2806x_GlobalVariableDefs.obj (SpiaRegsFile)

SciaRegsFile 
*          1    00007050    00000010     UNINITIALIZED
                  00007050    00000010     F2806x_GlobalVariableDefs.obj (SciaRegsFile)

NmiIntruptRegsFile 
*          1    00007060    00000010     UNINITIALIZED
                  00007060    00000010     F2806x_GlobalVariableDefs.obj (NmiIntruptRegsFile)

XIntruptRegsFile 
*          1    00007070    00000010     UNINITIALIZED
                  00007070    00000010     F2806x_GlobalVariableDefs.obj (XIntruptRegsFile)

AdcRegsFile 
*          1    00007100    00000050     UNINITIALIZED
                  00007100    00000050     F2806x_GlobalVariableDefs.obj (AdcRegsFile)

SpibRegsFile 
*          1    00007740    00000010     UNINITIALIZED
                  00007740    00000010     F2806x_GlobalVariableDefs.obj (SpibRegsFile)

ScibRegsFile 
*          1    00007750    00000010     UNINITIALIZED
                  00007750    00000010     F2806x_GlobalVariableDefs.obj (ScibRegsFile)

I2caRegsFile 
*          1    00007900    00000022     UNINITIALIZED
                  00007900    00000022     F2806x_GlobalVariableDefs.obj (I2caRegsFile)

PartIdRegsFile 
*          1    003d7e80    00000001     UNINITIALIZED
                  003d7e80    00000001     F2806x_GlobalVariableDefs.obj (PartIdRegsFile)

CsmPwlFile 
*          1    003f7ff8    00000008     UNINITIALIZED
                  003f7ff8    00000008     F2806x_GlobalVariableDefs.obj (CsmPwlFile)

ZeroNet_Section 
*          1    0000004e    00000002     UNINITIALIZED
                  0000004e    00000002     HV_Solar_DC_DC-DPL-ISR.obj (ZeroNet_Section)

ADCDRV_1ch_Section 
*          1    000003dc    00000008     UNINITIALIZED
                  000003dc    00000008     HV_Solar_DC_DC-DPL-ISR.obj (ADCDRV_1ch_Section)

MODULE SUMMARY

       Module                              code   initialized data   uninitialized data
       ------                              ----   ----------------   ------------------
    .\
       F2806x_GlobalVariableDefs.obj       0      0                  3550              
       HV_Solar_DC_DC-Main.obj             1942   171                482               
       SciCommsGui.obj                     588    0                  58                
       HV_Solar_DC_DC-DPL-ISR.obj          553    0                  72                
       PWM_1ch_UpDwnCnt_Cnf.obj            555    0                  0                 
       HV_Solar_DC_DC_DevInit_F2803x.obj   528    0                  0                 
       ADC_SOC_Cnf.obj                     450    0                  0                 
       SolarHv_DCDC-Lin.obj                377    32                 28                
       PWM_ComplPairDB_Cnf.obj             370    0                  0                 
       F2806x_ECan.obj                     157    0                  0                 
       DSP2803x_CodeStartBranch.obj        10     0                  0                 
       DSP2803x_usDelay.obj                8      0                  0                 
    +--+-----------------------------------+------+------------------+--------------------+
       Total:                              5538   203                4190              
                                                                                       
    C:/ti/HV_SOLAR_DC_DC/libs/math/IQmath/v160/lib/IQmath.lib
       IQmathTables.obj                    0      2896               0                 
       IQ24div.obj                         0      71                 0                 
    +--+-----------------------------------+------+------------------+--------------------+
       Total:                              0      2967               0                 
                                                                                       
    C:\ti\ccs2001\ccs\tools\compiler\ti-cgt-c2000_22.6.1.LTS\lib\rts2800_ml.lib
       boot28.asm.obj                      84     0                  0                 
       exit.c.obj                          41     14                 6                 
       cpy_tbl.c.obj                       36     0                  0                 
       memcpy.c.obj                        29     0                  0                 
       _lock.c.obj                         9      10                 4                 
       args_main.c.obj                     17     0                  0                 
       pre_init.c.obj                      2      0                  0                 
       startup.c.obj                       1      0                  0                 
    +--+-----------------------------------+------+------------------+--------------------+
       Total:                              219    24                 10                
                                                                                       
       Stack:                              0      0                  896               
    +--+-----------------------------------+------+------------------+--------------------+
       Grand Total:                        5757   3194               5096              


GLOBAL DATA SYMBOLS: SORTED BY DATA PAGE

address     data page           name
--------    ----------------    ----
00000000       0 (00000000)     _CNTL_2P2Z_Ref2
00000002       0 (00000000)     _CNTL_2P2Z_Fdbk2
00000004       0 (00000000)     _CNTL_2P2Z_Out2
00000006       0 (00000000)     _CNTL_2P2Z_Coef2
00000008       0 (00000000)     _CNTL_2P2Z_DBUFF2
00000012       0 (00000000)     _CNTL_2P2Z_Ref1
00000014       0 (00000000)     _CNTL_2P2Z_Fdbk1
00000016       0 (00000000)     _CNTL_2P2Z_Out1
00000018       0 (00000000)     _CNTL_2P2Z_Coef1
0000001a       0 (00000000)     _CNTL_2P2Z_DBUFF1
00000024       0 (00000000)     _CNTL_2P2Z_CoefStruct1
00000032       0 (00000000)     _CNTL_2P2Z_CoefStruct2

00000040       1 (00000040)     _MATH_EMAVG_In1
00000042       1 (00000040)     _MATH_EMAVG_Out1
00000044       1 (00000040)     _MATH_EMAVG_Multiplier1
00000046       1 (00000040)     _MATH_EMAVG_In2
00000048       1 (00000040)     _MATH_EMAVG_Out2
0000004a       1 (00000040)     _MATH_EMAVG_Multiplier2
00000050       1 (00000040)     __stack

000003d0       f (000003c0)     _PWMDRV_1ch_UpDwnCnt_Duty1
000003d2       f (000003c0)     _PWMDRV_1ch_UpDwnCnt_Period1
000003d4       f (000003c0)     _PWMDRV_1ch_UpDwnCnt_Duty2
000003d6       f (000003c0)     _PWMDRV_1ch_UpDwnCnt_Period2
000003d8       f (000003c0)     _PWMDRV_1ch_UpDwnCnt_Duty4
000003da       f (000003c0)     _PWMDRV_1ch_UpDwnCnt_Period4
000003dc       f (000003c0)     _ADCDRV_1ch_Rlt1
000003de       f (000003c0)     _ADCDRV_1ch_Rlt2
000003e0       f (000003c0)     _ADCDRV_1ch_Rlt3
000003e2       f (000003c0)     _ADCDRV_1ch_Rlt4

00000880      22 (00000880)     _DevEmuRegs

00000985      26 (00000980)     _SysPwrCtrlRegs

00000a80      2a (00000a80)     _FlashRegs

00000ae0      2b (00000ac0)     _CsmRegs

00000b00      2c (00000b00)     _AdcResult

00000c00      30 (00000c00)     _CpuTimer0Regs
00000c08      30 (00000c00)     _CpuTimer1Regs
00000c10      30 (00000c00)     _CpuTimer2Regs

00000ce0      33 (00000cc0)     _PieCtrlRegs

00000d00      34 (00000d00)     _EmuKey
00000d00      34 (00000d00)     _PieVectTable
00000d01      34 (00000d00)     _EmuBMode
00000d02      34 (00000d00)     _Flash_CallbackPtr
00000d04      34 (00000d00)     _Flash_CPUScaleFactor

00001000      40 (00001000)     _DmaRegs

00001400      50 (00001400)     _Cla1Regs

00004000     100 (00004000)     _Usb0Regs

00005000     140 (00005000)     _McbspaRegs

00006000     180 (00006000)     _ECanaRegs

00006040     181 (00006040)     _ECanaLAMRegs

00006080     182 (00006080)     _ECanaMOTSRegs

000060c0     183 (000060c0)     _ECanaMOTORegs

00006100     184 (00006100)     _ECanaMboxes

00006400     190 (00006400)     _Comp1Regs
00006420     190 (00006400)     _Comp2Regs

00006440     191 (00006440)     _Comp3Regs

00006800     1a0 (00006800)     _EPwm1Regs

00006840     1a1 (00006840)     _EPwm2Regs

00006880     1a2 (00006880)     _EPwm3Regs

000068c0     1a3 (000068c0)     _EPwm4Regs

00006900     1a4 (00006900)     _EPwm5Regs

00006940     1a5 (00006940)     _EPwm6Regs

00006980     1a6 (00006980)     _EPwm7Regs

000069c0     1a7 (000069c0)     _EPwm8Regs

00006a00     1a8 (00006a00)     _ECap1Regs
00006a20     1a8 (00006a00)     _ECap2Regs

00006a40     1a9 (00006a40)     _ECap3Regs

00006ac0     1ab (00006ac0)     _HRCap1Regs
00006ae0     1ab (00006ac0)     _HRCap2Regs

00006b00     1ac (00006b00)     _EQep1Regs

00006b40     1ad (00006b40)     _EQep2Regs

00006c80     1b2 (00006c80)     _HRCap3Regs
00006ca0     1b2 (00006c80)     _HRCap4Regs

00006f80     1be (00006f80)     _GpioCtrlRegs

00006fc0     1bf (00006fc0)     _GpioDataRegs
00006fe0     1bf (00006fc0)     _GpioIntRegs

00007010     1c0 (00007000)     _SysCtrlRegs

00007040     1c1 (00007040)     _SpiaRegs
00007050     1c1 (00007040)     _SciaRegs
00007060     1c1 (00007040)     _NmiIntruptRegs
00007070     1c1 (00007040)     _XIntruptRegs

00007100     1c4 (00007100)     _AdcRegs

00007740     1dd (00007740)     _SpibRegs
00007750     1dd (00007740)     _ScibRegs

00007900     1e4 (00007900)     _I2caRegs

0000a000     280 (0000a000)     _prev_sign
0000a001     280 (0000a000)     _curr_sign
0000a002     280 (0000a000)     _ledSetMode
0000a003     280 (0000a000)     _fade
0000a004     280 (0000a000)     _fade_dir
0000a005     280 (0000a000)     _CAN_noACK
0000a006     280 (0000a000)     _HTSK_TP
0000a007     280 (0000a000)     _EXTHTSK_TP
0000a008     280 (0000a000)     _SerialCommsTimer
0000a009     280 (0000a000)     _CommsOKflg
0000a00a     280 (0000a000)     _periodLLC
0000a00b     280 (0000a000)     _dbred
0000a00c     280 (0000a000)     _dbfed
0000a00d     280 (0000a000)     _db_dly_cntr
0000a00e     280 (0000a000)     _soft_start
0000a00f     280 (0000a000)     _MPPT_slew
0000a010     280 (0000a000)     _inverter_connected
0000a011     280 (0000a000)     _inverter_mode
0000a012     280 (0000a000)     _Enable_mppt
0000a013     280 (0000a000)     _GPIO_status
0000a014     280 (0000a000)     _Operation_mode
0000a015     280 (0000a000)     _LLC_PWM_ON
0000a016     280 (0000a000)     _GPIO_cnt
0000a017     280 (0000a000)     _Start_DC_DC
0000a018     280 (0000a000)     _Run_MPPT
0000a019     280 (0000a000)     _mppt_firstTime
0000a01a     280 (0000a000)     _perturbation_direction
0000a01b     280 (0000a000)     _Gui_Powerdiff
0000a01c     280 (0000a000)     _Gui_PanelPower_Prev
0000a01d     280 (0000a000)     _LedBlinkCnt
0000a01e     280 (0000a000)     _Gui_Vb_fb
0000a01f     280 (0000a000)     _Inv_Gui_Vb_fb
0000a020     280 (0000a000)     _Gui_PanelPower
0000a021     280 (0000a000)     _Inv_Gui_PanelPower
0000a022     280 (0000a000)     _Gui_IL_avg
0000a023     280 (0000a000)     _Inv_Gui_IL_avg
0000a024     280 (0000a000)     _Gui_Vp_fb
0000a025     280 (0000a000)     _Inv_Gui_Vp_fb
0000a026     280 (0000a000)     _Gui_Operation_mode
0000a027     280 (0000a000)     _Gui_inverter_connected
0000a028     280 (0000a000)     _Gui_inverter_mode
0000a029     280 (0000a000)     _K_IL_avg
0000a02a     280 (0000a000)     _K_Vb_fb
0000a02b     280 (0000a000)     _K_Vp_fb
0000a02c     280 (0000a000)     _Kinv_IL_avg
0000a02d     280 (0000a000)     _Kinv_Vb_fb
0000a02e     280 (0000a000)     _Kinv_Vp_fb
0000a02f     280 (0000a000)     _i
0000a030     280 (0000a000)     _LinDebugLED
0000a032     280 (0000a000)     _Vacc_avg
0000a034     280 (0000a000)     _Vacc_rms
0000a036     280 (0000a000)     _curr_sample_norm
0000a038     280 (0000a000)     _nsamples
0000a03a     280 (0000a000)     _inv_nsamples
0000a03c     280 (0000a000)     _inv_sqrt_nsamples
0000a03e     280 (0000a000)     _Alpha_State_Ptr

0000a040     281 (0000a040)     _A_Task_Ptr
0000a042     281 (0000a040)     _B_Task_Ptr
0000a044     281 (0000a040)     _C_Task_Ptr
0000a046     281 (0000a040)     _Dmax_I
0000a048     281 (0000a040)     _IL_raw
0000a04a     281 (0000a040)     _IL
0000a04c     281 (0000a040)     _Ics
0000a04e     281 (0000a040)     _IL_avg
0000a050     281 (0000a040)     _Vb_fb
0000a052     281 (0000a040)     _Vb_fb_Avg
0000a054     281 (0000a040)     _Vp_fb
0000a056     281 (0000a040)     _Vp_fb_Avg
0000a058     281 (0000a040)     _DutyA
0000a05a     281 (0000a040)     _DutyLLC
0000a05c     281 (0000a040)     _Boost_IL_cmd
0000a05e     281 (0000a040)     _Duty4A
0000a060     281 (0000a040)     _VpvRef
0000a062     281 (0000a040)     _VpvRef_MPPT
0000a064     281 (0000a040)     _PanelPower
0000a066     281 (0000a040)     _PanelPower_Prev
0000a068     281 (0000a040)     _Powerdiff
0000a06a     281 (0000a040)     _temp_zero
0000a06c     281 (0000a040)     _Pgain_I
0000a06e     281 (0000a040)     _Igain_I
0000a070     281 (0000a040)     _Dgain_I
0000a072     281 (0000a040)     _Pgain_V
0000a074     281 (0000a040)     _Igain_V
0000a076     281 (0000a040)     _Dgain_V
0000a078     281 (0000a040)     _Dmax_V
0000a07a     281 (0000a040)     _HistPtr
0000a07c     281 (0000a040)     _temp_Scratch
0000a07e     281 (0000a040)     _LinDebugTimer

0000a080     282 (0000a080)     _LinL0IntCount
0000a082     282 (0000a080)     _mppt_pno1
0000a098     282 (0000a080)     _mppt_incc1
0000a0ba     282 (0000a080)     _CmdPacket

0000a0c0     283 (0000a0c0)     _CmdDispatcher
0000a0e0     283 (0000a0c0)     _arrayGetList

0000a100     284 (0000a100)     _varGetList
0000a120     284 (0000a100)     _varSetBtnList

0000a140     285 (0000a140)     _varSetSldrList
0000a160     285 (0000a140)     _varSetTxtList

0000a180     286 (0000a180)     _sdataALin
0000a181     286 (0000a180)     _rdataALin
0000a182     286 (0000a180)     _iLin
0000a183     286 (0000a180)     _errorcount
0000a184     286 (0000a180)     _Gui_wSysMode
0000a185     286 (0000a180)     _Gui_wLLCOutputVolt
0000a186     286 (0000a180)     _Gui_wTurnOn
0000a187     286 (0000a180)     _Gui_wTurnOff
0000a188     286 (0000a180)     _Gui_wMPPT_OnOff
0000a189     286 (0000a180)     _LinTestTemp
0000a18a     286 (0000a180)     _LinTestTemp2
0000a18c     286 (0000a180)     _LinL0IntVect
0000a18e     286 (0000a180)     _RcvTaskPointerLin
0000a190     286 (0000a180)     _Gui_wPanelVolt
0000a192     286 (0000a180)     _Gui_wPanelCurrent
0000a194     286 (0000a180)     _Gui_wBoostOutputVolt
0000a196     286 (0000a180)     _Gui_wPanelOutputPower
0000a198     286 (0000a180)     _Gui_wMPPT_Status
0000a19a     286 (0000a180)     _LowByteFlag
0000a19b     286 (0000a180)     _SendTaskPtr
0000a19c     286 (0000a180)     _RxChar
0000a19d     286 (0000a180)     _RxWord
0000a19e     286 (0000a180)     _TaskDoneFlag
0000a19f     286 (0000a180)     _NumWords
0000a1a0     286 (0000a180)     _wordsLeftToGet
0000a1a1     286 (0000a180)     _dataOut
0000a1a2     286 (0000a180)     _RcvTskPtrShdw
0000a1a3     286 (0000a180)     _delayer
0000a1a4     286 (0000a180)     _MemGetPtr
0000a1a5     286 (0000a180)     _MemGetAmount
0000a1a6     286 (0000a180)     _RcvTaskPointer
0000a1a8     286 (0000a180)     _memDataPtr
0000a1aa     286 (0000a180)     _MemGetAddress
0000a1ac     286 (0000a180)     _Temp
0000a1ae     286 (0000a180)     _ACQPS
0000a1be     286 (0000a180)     _CmdPacketLin

0000a1c0     287 (0000a1c0)     _ChSel
0000a1d0     287 (0000a1c0)     _TrigSel
0000a1e0     287 (0000a1c0)     _ePWM
0000a1f0     287 (0000a1c0)     _Comp
0000a1f8     287 (0000a1c0)     _Hist_IL

0000a200     288 (0000a200)     _Hist_Vb_fb
0000a208     288 (0000a200)     _Hist_Vp_fb
0000a210     288 (0000a200)     ___TI_enable_exit_profile_output
0000a212     288 (0000a200)     ___TI_cleanup_ptr
0000a214     288 (0000a200)     ___TI_dtors_ptr
0000a216     288 (0000a200)     _VTimer0
0000a21a     288 (0000a200)     _VTimer1
0000a21e     288 (0000a200)     _VTimer2
0000a222     288 (0000a200)     __lock
0000a224     288 (0000a200)     __unlock

003d7e80    f5fa (003d7e80)     _PartIdRegs

003f5564    fd55 (003f5540)     __IQ24div

003f7ff8    fdff (003f7fc0)     _CsmPwl

003fdf00    ff7c (003fdf00)     _IQsinTable

003fe000    ff80 (003fe000)     _IQcosTable

003fe300    ff8c (003fe300)     _IQsinTableEnd

003fe402    ff90 (003fe400)     _IQcosTableEnd
003fe402    ff90 (003fe400)     _IQdivRoundSatTable
003fe410    ff90 (003fe400)     _IQdivTable

003fe612    ff98 (003fe600)     _IQdivTableEnd
003fe612    ff98 (003fe600)     _IQisqrtRoundSatTable
003fe612    ff98 (003fe600)     _IQsqrtRoundSatTable
003fe622    ff98 (003fe600)     _IQisqrtTable
003fe622    ff98 (003fe600)     _IQsqrtTable

003fe724    ff9c (003fe700)     _IQatan2HalfPITable
003fe724    ff9c (003fe700)     _IQisqrtTableEnd
003fe724    ff9c (003fe700)     _IQsqrtTableEnd

003fe762    ff9d (003fe740)     _IQatan2Table

003fe8e8    ffa3 (003fe8c0)     _IQ30mpyRndSatTable
003fe8e8    ffa3 (003fe8c0)     _IQatan2TableEnd
003fe8e8    ffa3 (003fe8c0)     _IQmpyRndSatTable
003fe8f4    ffa3 (003fe8c0)     _IQ29mpyRndSatTable

003fe900    ffa4 (003fe900)     _IQ28mpyRndSatTable
003fe90c    ffa4 (003fe900)     _IQ27mpyRndSatTable
003fe918    ffa4 (003fe900)     _IQ26mpyRndSatTable
003fe924    ffa4 (003fe900)     _IQ25mpyRndSatTable
003fe930    ffa4 (003fe900)     _IQ24mpyRndSatTable
003fe93c    ffa4 (003fe900)     _IQ23mpyRndSatTable

003fe948    ffa5 (003fe940)     _IQ22mpyRndSatTable
003fe954    ffa5 (003fe940)     _IQ21mpyRndSatTable
003fe960    ffa5 (003fe940)     _IQ20mpyRndSatTable
003fe96c    ffa5 (003fe940)     _IQ19mpyRndSatTable
003fe978    ffa5 (003fe940)     _IQ18mpyRndSatTable

003fe984    ffa6 (003fe980)     _IQ17mpyRndSatTable
003fe990    ffa6 (003fe980)     _IQ16mpyRndSatTable
003fe99c    ffa6 (003fe980)     _IQ15mpyRndSatTable
003fe9a8    ffa6 (003fe980)     _IQ14mpyRndSatTable
003fe9b4    ffa6 (003fe980)     _IQ13mpyRndSatTable

003fe9c0    ffa7 (003fe9c0)     _IQ12mpyRndSatTable
003fe9cc    ffa7 (003fe9c0)     _IQ11mpyRndSatTable
003fe9d8    ffa7 (003fe9c0)     _IQ10mpyRndSatTable
003fe9e4    ffa7 (003fe9c0)     _IQ9mpyRndSatTable
003fe9f0    ffa7 (003fe9c0)     _IQ8mpyRndSatTable
003fe9fc    ffa7 (003fe9c0)     _IQ7mpyRndSatTable

003fea08    ffa8 (003fea00)     _IQ6mpyRndSatTable
003fea14    ffa8 (003fea00)     _IQ5mpyRndSatTable
003fea20    ffa8 (003fea00)     _IQ4mpyRndSatTable
003fea2c    ffa8 (003fea00)     _IQ3mpyRndSatTable
003fea38    ffa8 (003fea00)     _IQ2mpyRndSatTable

003fea44    ffa9 (003fea40)     _IQ1mpyRndSatTable
003fea50    ffa9 (003fea40)     _IQmpyRndSatTableEnd


GLOBAL SYMBOLS: SORTED ALPHABETICALLY BY Name 

page  address   name                            
----  -------   ----                            
0     003f4000  .text                           
0     003f53eb  C$$EXIT                         
0     003f43ee  _A0                             
0     003f4433  _A1                             
0     003f4452  _A2                             
0     003f44a5  _A3                             
0     003f44c5  _A4                             
1     0000a1ae  _ACQPS                          
1     000003dc  _ADCDRV_1ch_Rlt1                
1     000003de  _ADCDRV_1ch_Rlt2                
1     000003e0  _ADCDRV_1ch_Rlt3                
1     000003e2  _ADCDRV_1ch_Rlt4                
0     003f4c65  _ADC_SOC_CNF                    
1     0000a040  _A_Task_Ptr                     
1     00007100  _AdcRegs                        
1     00000b00  _AdcResult                      
1     0000a03e  _Alpha_State_Ptr                
0     003f47c6  _ArrayGet                       
0     003f4407  _B0                             
0     003f44d8  _B1                             
0     003f459a  _B2                             
1     0000a042  _B_Task_Ptr                     
1     0000a05c  _Boost_IL_cmd                   
0     003f47a1  _ButtonSet                      
0     003f441d  _C0                             
0     003f45d1  _C1                             
0     003f460d  _C2                             
0     003f4613  _C3                             
1     0000a005  _CAN_noACK                      
1     00000018  _CNTL_2P2Z_Coef1                
1     00000006  _CNTL_2P2Z_Coef2                
1     00000024  _CNTL_2P2Z_CoefStruct1          
1     00000032  _CNTL_2P2Z_CoefStruct2          
1     0000001a  _CNTL_2P2Z_DBUFF1               
1     00000008  _CNTL_2P2Z_DBUFF2               
1     00000014  _CNTL_2P2Z_Fdbk1                
1     00000002  _CNTL_2P2Z_Fdbk2                
1     00000016  _CNTL_2P2Z_Out1                 
1     00000004  _CNTL_2P2Z_Out2                 
1     00000012  _CNTL_2P2Z_Ref1                 
1     00000000  _CNTL_2P2Z_Ref2                 
1     0000a044  _C_Task_Ptr                     
1     0000a1c0  _ChSel                          
1     00001400  _Cla1Regs                       
1     0000a0c0  _CmdDispatcher                  
0     003f475c  _CmdInterpreter                 
1     0000a0ba  _CmdPacket                      
1     0000a1be  _CmdPacketLin                   
1     0000a009  _CommsOKflg                     
1     0000a1f0  _Comp                           
1     00006400  _Comp1Regs                      
1     00006420  _Comp2Regs                      
1     00006440  _Comp3Regs                      
0     003f5207  _CompleteByteLin                
0     003f42de  _Configure_ADC                  
0     003f4268  _Configure_PWM                  
1     00000c00  _CpuTimer0Regs                  
1     00000c08  _CpuTimer1Regs                  
1     00000c10  _CpuTimer2Regs                  
1     003f7ff8  _CsmPwl                         
1     00000ae0  _CsmRegs                        
0     003f4000  _DLOG_BuffInit                  
0     00008000  _DPL_ISR                        
0     003f52e1  _DPL_Init                       
0     000080fa  _DSP28x_usDelay                 
0     003f47c9  _DataGet                        
1     00000880  _DevEmuRegs                     
0     003f4a90  _DeviceInit                     
1     0000a070  _Dgain_I                        
1     0000a076  _Dgain_V                        
1     00001000  _DmaRegs                        
1     0000a046  _Dmax_I                         
1     0000a078  _Dmax_V                         
1     0000a05e  _Duty4A                         
1     0000a058  _DutyA                          
1     0000a05a  _DutyLLC                        
1     00006040  _ECanaLAMRegs                   
1     000060c0  _ECanaMOTORegs                  
1     00006080  _ECanaMOTSRegs                  
1     00006100  _ECanaMboxes                    
1     00006000  _ECanaRegs                      
1     00006a00  _ECap1Regs                      
1     00006a20  _ECap2Regs                      
1     00006a40  _ECap3Regs                      
1     00006800  _EPwm1Regs                      
1     00006840  _EPwm2Regs                      
1     00006880  _EPwm3Regs                      
1     000068c0  _EPwm4Regs                      
1     00006900  _EPwm5Regs                      
1     00006940  _EPwm6Regs                      
1     00006980  _EPwm7Regs                      
1     000069c0  _EPwm8Regs                      
1     00006b00  _EQep1Regs                      
1     00006b40  _EQep2Regs                      
1     0000a007  _EXTHTSK_TP                     
0     003f46b5  _EchoCmdByte                    
0     003f5125  _EchoCmdByteLin                 
0     003f472b  _EchoDataByte                   
0     003f51ab  _EchoDataByteLin                
0     003f5174  _EchoIndexByteLin               
0     003f46f0  _EchoSizeByte                   
1     00000d01  _EmuBMode                       
1     00000d00  _EmuKey                         
1     0000a012  _Enable_mppt                    
1     00000a80  _FlashRegs                      
1     00000d04  _Flash_CPUScaleFactor           
1     00000d02  _Flash_CallbackPtr              
1     0000a016  _GPIO_cnt                       
1     0000a013  _GPIO_status                    
0     003f467c  _GetCmdByte                     
0     003f511b  _GetCmdByteLin                  
0     003f4709  _GetDataByte                    
0     003f5190  _GetDataByteLin                 
0     003f516a  _GetIndexByteLin                
0     003f46ce  _GetSizeByte                    
1     00006f80  _GpioCtrlRegs                   
1     00006fc0  _GpioDataRegs                   
1     00006fe0  _GpioIntRegs                    
1     0000a022  _Gui_IL_avg                     
1     0000a026  _Gui_Operation_mode             
1     0000a020  _Gui_PanelPower                 
1     0000a01c  _Gui_PanelPower_Prev            
1     0000a01b  _Gui_Powerdiff                  
1     0000a01e  _Gui_Vb_fb                      
1     0000a024  _Gui_Vp_fb                      
1     0000a027  _Gui_inverter_connected         
1     0000a028  _Gui_inverter_mode              
1     0000a194  _Gui_wBoostOutputVolt           
1     0000a185  _Gui_wLLCOutputVolt             
1     0000a188  _Gui_wMPPT_OnOff                
1     0000a198  _Gui_wMPPT_Status               
1     0000a192  _Gui_wPanelCurrent              
1     0000a196  _Gui_wPanelOutputPower          
1     0000a190  _Gui_wPanelVolt                 
1     0000a184  _Gui_wSysMode                   
1     0000a187  _Gui_wTurnOff                   
1     0000a186  _Gui_wTurnOn                    
1     00006ac0  _HRCap1Regs                     
1     00006ae0  _HRCap2Regs                     
1     00006c80  _HRCap3Regs                     
1     00006ca0  _HRCap4Regs                     
1     0000a006  _HTSK_TP                        
1     0000a07a  _HistPtr                        
1     0000a1f8  _Hist_IL                        
1     0000a200  _Hist_Vb_fb                     
1     0000a208  _Hist_Vp_fb                     
1     00007900  _I2caRegs                       
1     0000a04a  _IL                             
1     0000a04e  _IL_avg                         
1     0000a048  _IL_raw                         
0     003fe9d8  _IQ10mpyRndSatTable             
0     003fe9cc  _IQ11mpyRndSatTable             
0     003fe9c0  _IQ12mpyRndSatTable             
0     003fe9b4  _IQ13mpyRndSatTable             
0     003fe9a8  _IQ14mpyRndSatTable             
0     003fe99c  _IQ15mpyRndSatTable             
0     003fe990  _IQ16mpyRndSatTable             
0     003fe984  _IQ17mpyRndSatTable             
0     003fe978  _IQ18mpyRndSatTable             
0     003fe96c  _IQ19mpyRndSatTable             
0     003fea44  _IQ1mpyRndSatTable              
0     003fe960  _IQ20mpyRndSatTable             
0     003fe954  _IQ21mpyRndSatTable             
0     003fe948  _IQ22mpyRndSatTable             
0     003fe93c  _IQ23mpyRndSatTable             
0     003fe930  _IQ24mpyRndSatTable             
0     003fe924  _IQ25mpyRndSatTable             
0     003fe918  _IQ26mpyRndSatTable             
0     003fe90c  _IQ27mpyRndSatTable             
0     003fe900  _IQ28mpyRndSatTable             
0     003fe8f4  _IQ29mpyRndSatTable             
0     003fea38  _IQ2mpyRndSatTable              
0     003fe8e8  _IQ30mpyRndSatTable             
0     003fea2c  _IQ3mpyRndSatTable              
0     003fea20  _IQ4mpyRndSatTable              
0     003fea14  _IQ5mpyRndSatTable              
0     003fea08  _IQ6mpyRndSatTable              
0     003fe9fc  _IQ7mpyRndSatTable              
0     003fe9f0  _IQ8mpyRndSatTable              
0     003fe9e4  _IQ9mpyRndSatTable              
0     003fe724  _IQatan2HalfPITable             
0     003fe762  _IQatan2Table                   
0     003fe8e8  _IQatan2TableEnd                
0     003fe000  _IQcosTable                     
0     003fe402  _IQcosTableEnd                  
0     003fe402  _IQdivRoundSatTable             
0     003fe410  _IQdivTable                     
0     003fe612  _IQdivTableEnd                  
0     003fe612  _IQisqrtRoundSatTable           
0     003fe622  _IQisqrtTable                   
0     003fe724  _IQisqrtTableEnd                
0     003fe8e8  _IQmpyRndSatTable               
0     003fea50  _IQmpyRndSatTableEnd            
0     003fdf00  _IQsinTable                     
0     003fe300  _IQsinTableEnd                  
0     003fe612  _IQsqrtRoundSatTable            
0     003fe622  _IQsqrtTable                    
0     003fe724  _IQsqrtTableEnd                 
0     003f5477  _ISR_ILLEGAL                    
1     0000a04c  _Ics                            
1     0000a06e  _Igain_I                        
1     0000a074  _Igain_V                        
0     003f4315  _InitCAN_MB                     
0     003f5244  _InitECan                       
0     003f52c8  _InitECanGpio                   
0     003f5247  _InitECana                      
0     003f52cb  _InitECanaGpio                  
0     000080df  _InitFlash                      
1     0000a023  _Inv_Gui_IL_avg                 
1     0000a021  _Inv_Gui_PanelPower             
1     0000a01f  _Inv_Gui_Vb_fb                  
1     0000a025  _Inv_Gui_Vp_fb                  
1     0000a029  _K_IL_avg                       
1     0000a02a  _K_Vb_fb                        
1     0000a02b  _K_Vp_fb                        
1     0000a02c  _Kinv_IL_avg                    
1     0000a02d  _Kinv_Vb_fb                     
1     0000a02e  _Kinv_Vp_fb                     
1     0000a015  _LLC_PWM_ON                     
1     0000a01d  _LedBlinkCnt                    
0     003f4784  _LifePulseTsk                   
1     0000a030  _LinDebugLED                    
1     0000a07e  _LinDebugTimer                  
1     0000a080  _LinL0IntCount                  
1     0000a18c  _LinL0IntVect                   
1     0000a189  _LinTestTemp                    
1     0000a18a  _LinTestTemp2                   
0     003f53a0  _Lina_Level0_ISR                
1     0000a19a  _LowByteFlag                    
1     00000040  _MATH_EMAVG_In1                 
1     00000046  _MATH_EMAVG_In2                 
1     00000044  _MATH_EMAVG_Multiplier1         
1     0000004a  _MATH_EMAVG_Multiplier2         
1     00000042  _MATH_EMAVG_Out1                
1     00000048  _MATH_EMAVG_Out2                
1     0000a00f  _MPPT_slew                      
1     00005000  _McbspaRegs                     
0     003f4c52  _MemCopy                        
1     0000a1aa  _MemGetAddress                  
1     0000a1a5  _MemGetAmount                   
1     0000a1a4  _MemGetPtr                      
1     00007060  _NmiIntruptRegs                 
1     0000a19f  _NumWords                       
1     0000a014  _Operation_mode                 
0     003f4bdd  _PLLset                         
1     000003d0  _PWMDRV_1ch_UpDwnCnt_Duty1      
1     000003d4  _PWMDRV_1ch_UpDwnCnt_Duty2      
1     000003d8  _PWMDRV_1ch_UpDwnCnt_Duty4      
1     000003d2  _PWMDRV_1ch_UpDwnCnt_Period1    
1     000003d6  _PWMDRV_1ch_UpDwnCnt_Period2    
1     000003da  _PWMDRV_1ch_UpDwnCnt_Period4    
0     003f4865  _PWM_1ch_UpDwnCnt_CNF           
0     003f4992  _PWM_2ch_UpDwnCnt_CNF           
0     003f4fa4  _PWM_ComplPairDB_CNF            
0     003f50f9  _PWM_ComplPairDB_UpdateDB       
0     003f5223  _PackTxBuffersLin               
0     003f473e  _PackWord                       
1     0000a064  _PanelPower                     
1     0000a066  _PanelPower_Prev                
1     003d7e80  _PartIdRegs                     
1     0000a06c  _Pgain_I                        
1     0000a072  _Pgain_V                        
0     003f4c17  _PieCntlInit                    
1     00000ce0  _PieCtrlRegs                    
1     00000d00  _PieVectTable                   
0     003f4c36  _PieVectTableInit               
1     0000a068  _Powerdiff                      
0     003f4366  _RGBModeControl                 
0     003f4345  _RGBWSetColor                   
0     003e80fe  _RamfuncsLoadEnd                
0     003e8000  _RamfuncsLoadStart              
0     00008000  _RamfuncsRunStart               
1     0000a1a6  _RcvTaskPointer                 
1     0000a18e  _RcvTaskPointerLin              
1     0000a1a2  _RcvTskPtrShdw                  
1     0000a018  _Run_MPPT                       
1     0000a19c  _RxChar                         
1     0000a19d  _RxWord                         
0     003f4619  _SCIA_Init                      
0     003f4e27  _SECONDARY_ISR                  
1     00007050  _SciaRegs                       
1     00007750  _ScibRegs                       
0     003f4802  _SendData                       
0     003f51c3  _SendDataByteLin                
1     0000a19b  _SendTaskPtr                    
1     0000a008  _SerialCommsTimer               
0     003f4677  _SerialHostComms                
0     003f5116  _SerialHostCommsLin             
0     003f522b  _SetupLin                       
0     003f47b2  _SliderSet                      
0     003f47f8  _SpareTsk07                     
0     003f47fd  _SpareTsk08                     
1     00007040  _SpiaRegs                       
1     00007740  _SpibRegs                       
1     0000a017  _Start_DC_DC                    
1     00007010  _SysCtrlRegs                    
1     00000985  _SysPwrCtrlRegs                 
1     0000a19e  _TaskDoneFlag                   
1     0000a1ac  _Temp                           
0     003f4790  _TextSet                        
1     0000a1d0  _TrigSel                        
0     003f5224  _UnpackRxBuffersLin             
1     00004000  _Usb0Regs                       
1     0000a216  _VTimer0                        
1     0000a21a  _VTimer1                        
1     0000a21e  _VTimer2                        
1     0000a032  _Vacc_avg                       
1     0000a034  _Vacc_rms                       
0     003f47c3  _VariableGet                    
1     0000a050  _Vb_fb                          
1     0000a052  _Vb_fb_Avg                      
1     0000a054  _Vp_fb                          
1     0000a056  _Vp_fb_Avg                      
1     0000a060  _VpvRef                         
1     0000a062  _VpvRef_MPPT                    
0     003f4bd5  _WDogDisable                    
1     00007070  _XIntruptRegs                   
0     003f5564  __IQ24div                       
1     000003d0  __STACK_END                     
abs   00000380  __STACK_SIZE                    
1     0000a212  ___TI_cleanup_ptr               
1     0000a214  ___TI_dtors_ptr                 
1     0000a210  ___TI_enable_exit_profile_output
abs   ffffffff  ___TI_pprof_out_hndl            
abs   ffffffff  ___TI_prof_data_size            
abs   ffffffff  ___TI_prof_data_start           
abs   ffffffff  ___binit__                      
abs   ffffffff  ___c_args__                     
0     003f547f  ___cinit__                      
0     003f547f  ___etext__                      
abs   ffffffff  ___pinit__                      
0     003f4000  ___text__                       
0     003f5455  __args_main                     
1     0000a222  __lock                          
0     003f546e  __nop                           
0     003f546a  __register_lock                 
0     003f5466  __register_unlock               
1     00000050  __stack                         
0     003f547e  __system_post_cinit             
0     003f547c  __system_pre_init               
1     0000a224  __unlock                        
0     003f53eb  _abort                          
1     0000a0e0  _arrayGetList                   
0     003f534c  _c_int00                        
0     003f5414  _copy_in                        
1     0000a036  _curr_sample_norm               
1     0000a001  _curr_sign                      
1     0000a1a1  _dataOut                        
1     0000a00d  _db_dly_cntr                    
1     0000a00c  _dbfed                          
1     0000a00b  _dbred                          
1     0000a1a3  _delayer                        
1     0000a1e0  _ePWM                           
0     003f522f  _error                          
1     0000a183  _errorcount                     
0     003f53ed  _exit                           
1     0000a003  _fade                           
1     0000a004  _fade_dir                       
1     0000a02f  _i                              
1     0000a182  _iLin                           
1     0000a03a  _inv_nsamples                   
1     0000a03c  _inv_sqrt_nsamples              
1     0000a010  _inverter_connected             
1     0000a011  _inverter_mode                  
1     0000a002  _ledSetMode                     
0     003f4012  _main                           
1     0000a1a8  _memDataPtr                     
0     003f5438  _memcpy                         
1     0000a019  _mppt_firstTime                 
1     0000a098  _mppt_incc1                     
1     0000a082  _mppt_pno1                      
1     0000a038  _nsamples                       
1     0000a00a  _periodLLC                      
1     0000a01a  _perturbation_direction         
1     0000a000  _prev_sign                      
1     0000a181  _rdataALin                      
1     0000a180  _sdataALin                      
1     0000a00e  _soft_start                     
1     0000a07c  _temp_Scratch                   
1     0000a06a  _temp_zero                      
1     0000a100  _varGetList                     
1     0000a120  _varSetBtnList                  
1     0000a140  _varSetSldrList                 
1     0000a160  _varSetTxtList                  
1     0000a1a0  _wordsLeftToGet                 
abs   ffffffff  binit                           
0     003f547f  cinit                           
0     003f7ff6  code_start                      
0     003f547f  etext                           
abs   ffffffff  pinit                           


GLOBAL SYMBOLS: SORTED BY Symbol Address 

page  address   name                            
----  -------   ----                            
0     00008000  _DPL_ISR                        
0     00008000  _RamfuncsRunStart               
0     000080df  _InitFlash                      
0     000080fa  _DSP28x_usDelay                 
0     003e8000  _RamfuncsLoadStart              
0     003e80fe  _RamfuncsLoadEnd                
0     003f4000  .text                           
0     003f4000  _DLOG_BuffInit                  
0     003f4000  ___text__                       
0     003f4012  _main                           
0     003f4268  _Configure_PWM                  
0     003f42de  _Configure_ADC                  
0     003f4315  _InitCAN_MB                     
0     003f4345  _RGBWSetColor                   
0     003f4366  _RGBModeControl                 
0     003f43ee  _A0                             
0     003f4407  _B0                             
0     003f441d  _C0                             
0     003f4433  _A1                             
0     003f4452  _A2                             
0     003f44a5  _A3                             
0     003f44c5  _A4                             
0     003f44d8  _B1                             
0     003f459a  _B2                             
0     003f45d1  _C1                             
0     003f460d  _C2                             
0     003f4613  _C3                             
0     003f4619  _SCIA_Init                      
0     003f4677  _SerialHostComms                
0     003f467c  _GetCmdByte                     
0     003f46b5  _EchoCmdByte                    
0     003f46ce  _GetSizeByte                    
0     003f46f0  _EchoSizeByte                   
0     003f4709  _GetDataByte                    
0     003f472b  _EchoDataByte                   
0     003f473e  _PackWord                       
0     003f475c  _CmdInterpreter                 
0     003f4784  _LifePulseTsk                   
0     003f4790  _TextSet                        
0     003f47a1  _ButtonSet                      
0     003f47b2  _SliderSet                      
0     003f47c3  _VariableGet                    
0     003f47c6  _ArrayGet                       
0     003f47c9  _DataGet                        
0     003f47f8  _SpareTsk07                     
0     003f47fd  _SpareTsk08                     
0     003f4802  _SendData                       
0     003f4865  _PWM_1ch_UpDwnCnt_CNF           
0     003f4992  _PWM_2ch_UpDwnCnt_CNF           
0     003f4a90  _DeviceInit                     
0     003f4bd5  _WDogDisable                    
0     003f4bdd  _PLLset                         
0     003f4c17  _PieCntlInit                    
0     003f4c36  _PieVectTableInit               
0     003f4c52  _MemCopy                        
0     003f4c65  _ADC_SOC_CNF                    
0     003f4e27  _SECONDARY_ISR                  
0     003f4fa4  _PWM_ComplPairDB_CNF            
0     003f50f9  _PWM_ComplPairDB_UpdateDB       
0     003f5116  _SerialHostCommsLin             
0     003f511b  _GetCmdByteLin                  
0     003f5125  _EchoCmdByteLin                 
0     003f516a  _GetIndexByteLin                
0     003f5174  _EchoIndexByteLin               
0     003f5190  _GetDataByteLin                 
0     003f51ab  _EchoDataByteLin                
0     003f51c3  _SendDataByteLin                
0     003f5207  _CompleteByteLin                
0     003f5223  _PackTxBuffersLin               
0     003f5224  _UnpackRxBuffersLin             
0     003f522b  _SetupLin                       
0     003f522f  _error                          
0     003f5244  _InitECan                       
0     003f5247  _InitECana                      
0     003f52c8  _InitECanGpio                   
0     003f52cb  _InitECanaGpio                  
0     003f52e1  _DPL_Init                       
0     003f534c  _c_int00                        
0     003f53a0  _Lina_Level0_ISR                
0     003f53eb  C$$EXIT                         
0     003f53eb  _abort                          
0     003f53ed  _exit                           
0     003f5414  _copy_in                        
0     003f5438  _memcpy                         
0     003f5455  __args_main                     
0     003f5466  __register_unlock               
0     003f546a  __register_lock                 
0     003f546e  __nop                           
0     003f5477  _ISR_ILLEGAL                    
0     003f547c  __system_pre_init               
0     003f547e  __system_post_cinit             
0     003f547f  ___cinit__                      
0     003f547f  ___etext__                      
0     003f547f  cinit                           
0     003f547f  etext                           
0     003f5564  __IQ24div                       
0     003f7ff6  code_start                      
0     003fdf00  _IQsinTable                     
0     003fe000  _IQcosTable                     
0     003fe300  _IQsinTableEnd                  
0     003fe402  _IQcosTableEnd                  
0     003fe402  _IQdivRoundSatTable             
0     003fe410  _IQdivTable                     
0     003fe612  _IQdivTableEnd                  
0     003fe612  _IQisqrtRoundSatTable           
0     003fe612  _IQsqrtRoundSatTable            
0     003fe622  _IQisqrtTable                   
0     003fe622  _IQsqrtTable                    
0     003fe724  _IQatan2HalfPITable             
0     003fe724  _IQisqrtTableEnd                
0     003fe724  _IQsqrtTableEnd                 
0     003fe762  _IQatan2Table                   
0     003fe8e8  _IQ30mpyRndSatTable             
0     003fe8e8  _IQatan2TableEnd                
0     003fe8e8  _IQmpyRndSatTable               
0     003fe8f4  _IQ29mpyRndSatTable             
0     003fe900  _IQ28mpyRndSatTable             
0     003fe90c  _IQ27mpyRndSatTable             
0     003fe918  _IQ26mpyRndSatTable             
0     003fe924  _IQ25mpyRndSatTable             
0     003fe930  _IQ24mpyRndSatTable             
0     003fe93c  _IQ23mpyRndSatTable             
0     003fe948  _IQ22mpyRndSatTable             
0     003fe954  _IQ21mpyRndSatTable             
0     003fe960  _IQ20mpyRndSatTable             
0     003fe96c  _IQ19mpyRndSatTable             
0     003fe978  _IQ18mpyRndSatTable             
0     003fe984  _IQ17mpyRndSatTable             
0     003fe990  _IQ16mpyRndSatTable             
0     003fe99c  _IQ15mpyRndSatTable             
0     003fe9a8  _IQ14mpyRndSatTable             
0     003fe9b4  _IQ13mpyRndSatTable             
0     003fe9c0  _IQ12mpyRndSatTable             
0     003fe9cc  _IQ11mpyRndSatTable             
0     003fe9d8  _IQ10mpyRndSatTable             
0     003fe9e4  _IQ9mpyRndSatTable              
0     003fe9f0  _IQ8mpyRndSatTable              
0     003fe9fc  _IQ7mpyRndSatTable              
0     003fea08  _IQ6mpyRndSatTable              
0     003fea14  _IQ5mpyRndSatTable              
0     003fea20  _IQ4mpyRndSatTable              
0     003fea2c  _IQ3mpyRndSatTable              
0     003fea38  _IQ2mpyRndSatTable              
0     003fea44  _IQ1mpyRndSatTable              
0     003fea50  _IQmpyRndSatTableEnd            
1     00000000  _CNTL_2P2Z_Ref2                 
1     00000002  _CNTL_2P2Z_Fdbk2                
1     00000004  _CNTL_2P2Z_Out2                 
1     00000006  _CNTL_2P2Z_Coef2                
1     00000008  _CNTL_2P2Z_DBUFF2               
1     00000012  _CNTL_2P2Z_Ref1                 
1     00000014  _CNTL_2P2Z_Fdbk1                
1     00000016  _CNTL_2P2Z_Out1                 
1     00000018  _CNTL_2P2Z_Coef1                
1     0000001a  _CNTL_2P2Z_DBUFF1               
1     00000024  _CNTL_2P2Z_CoefStruct1          
1     00000032  _CNTL_2P2Z_CoefStruct2          
1     00000040  _MATH_EMAVG_In1                 
1     00000042  _MATH_EMAVG_Out1                
1     00000044  _MATH_EMAVG_Multiplier1         
1     00000046  _MATH_EMAVG_In2                 
1     00000048  _MATH_EMAVG_Out2                
1     0000004a  _MATH_EMAVG_Multiplier2         
1     00000050  __stack                         
1     000003d0  _PWMDRV_1ch_UpDwnCnt_Duty1      
1     000003d0  __STACK_END                     
1     000003d2  _PWMDRV_1ch_UpDwnCnt_Period1    
1     000003d4  _PWMDRV_1ch_UpDwnCnt_Duty2      
1     000003d6  _PWMDRV_1ch_UpDwnCnt_Period2    
1     000003d8  _PWMDRV_1ch_UpDwnCnt_Duty4      
1     000003da  _PWMDRV_1ch_UpDwnCnt_Period4    
1     000003dc  _ADCDRV_1ch_Rlt1                
1     000003de  _ADCDRV_1ch_Rlt2                
1     000003e0  _ADCDRV_1ch_Rlt3                
1     000003e2  _ADCDRV_1ch_Rlt4                
1     00000880  _DevEmuRegs                     
1     00000985  _SysPwrCtrlRegs                 
1     00000a80  _FlashRegs                      
1     00000ae0  _CsmRegs                        
1     00000b00  _AdcResult                      
1     00000c00  _CpuTimer0Regs                  
1     00000c08  _CpuTimer1Regs                  
1     00000c10  _CpuTimer2Regs                  
1     00000ce0  _PieCtrlRegs                    
1     00000d00  _EmuKey                         
1     00000d00  _PieVectTable                   
1     00000d01  _EmuBMode                       
1     00000d02  _Flash_CallbackPtr              
1     00000d04  _Flash_CPUScaleFactor           
1     00001000  _DmaRegs                        
1     00001400  _Cla1Regs                       
1     00004000  _Usb0Regs                       
1     00005000  _McbspaRegs                     
1     00006000  _ECanaRegs                      
1     00006040  _ECanaLAMRegs                   
1     00006080  _ECanaMOTSRegs                  
1     000060c0  _ECanaMOTORegs                  
1     00006100  _ECanaMboxes                    
1     00006400  _Comp1Regs                      
1     00006420  _Comp2Regs                      
1     00006440  _Comp3Regs                      
1     00006800  _EPwm1Regs                      
1     00006840  _EPwm2Regs                      
1     00006880  _EPwm3Regs                      
1     000068c0  _EPwm4Regs                      
1     00006900  _EPwm5Regs                      
1     00006940  _EPwm6Regs                      
1     00006980  _EPwm7Regs                      
1     000069c0  _EPwm8Regs                      
1     00006a00  _ECap1Regs                      
1     00006a20  _ECap2Regs                      
1     00006a40  _ECap3Regs                      
1     00006ac0  _HRCap1Regs                     
1     00006ae0  _HRCap2Regs                     
1     00006b00  _EQep1Regs                      
1     00006b40  _EQep2Regs                      
1     00006c80  _HRCap3Regs                     
1     00006ca0  _HRCap4Regs                     
1     00006f80  _GpioCtrlRegs                   
1     00006fc0  _GpioDataRegs                   
1     00006fe0  _GpioIntRegs                    
1     00007010  _SysCtrlRegs                    
1     00007040  _SpiaRegs                       
1     00007050  _SciaRegs                       
1     00007060  _NmiIntruptRegs                 
1     00007070  _XIntruptRegs                   
1     00007100  _AdcRegs                        
1     00007740  _SpibRegs                       
1     00007750  _ScibRegs                       
1     00007900  _I2caRegs                       
1     0000a000  _prev_sign                      
1     0000a001  _curr_sign                      
1     0000a002  _ledSetMode                     
1     0000a003  _fade                           
1     0000a004  _fade_dir                       
1     0000a005  _CAN_noACK                      
1     0000a006  _HTSK_TP                        
1     0000a007  _EXTHTSK_TP                     
1     0000a008  _SerialCommsTimer               
1     0000a009  _CommsOKflg                     
1     0000a00a  _periodLLC                      
1     0000a00b  _dbred                          
1     0000a00c  _dbfed                          
1     0000a00d  _db_dly_cntr                    
1     0000a00e  _soft_start                     
1     0000a00f  _MPPT_slew                      
1     0000a010  _inverter_connected             
1     0000a011  _inverter_mode                  
1     0000a012  _Enable_mppt                    
1     0000a013  _GPIO_status                    
1     0000a014  _Operation_mode                 
1     0000a015  _LLC_PWM_ON                     
1     0000a016  _GPIO_cnt                       
1     0000a017  _Start_DC_DC                    
1     0000a018  _Run_MPPT                       
1     0000a019  _mppt_firstTime                 
1     0000a01a  _perturbation_direction         
1     0000a01b  _Gui_Powerdiff                  
1     0000a01c  _Gui_PanelPower_Prev            
1     0000a01d  _LedBlinkCnt                    
1     0000a01e  _Gui_Vb_fb                      
1     0000a01f  _Inv_Gui_Vb_fb                  
1     0000a020  _Gui_PanelPower                 
1     0000a021  _Inv_Gui_PanelPower             
1     0000a022  _Gui_IL_avg                     
1     0000a023  _Inv_Gui_IL_avg                 
1     0000a024  _Gui_Vp_fb                      
1     0000a025  _Inv_Gui_Vp_fb                  
1     0000a026  _Gui_Operation_mode             
1     0000a027  _Gui_inverter_connected         
1     0000a028  _Gui_inverter_mode              
1     0000a029  _K_IL_avg                       
1     0000a02a  _K_Vb_fb                        
1     0000a02b  _K_Vp_fb                        
1     0000a02c  _Kinv_IL_avg                    
1     0000a02d  _Kinv_Vb_fb                     
1     0000a02e  _Kinv_Vp_fb                     
1     0000a02f  _i                              
1     0000a030  _LinDebugLED                    
1     0000a032  _Vacc_avg                       
1     0000a034  _Vacc_rms                       
1     0000a036  _curr_sample_norm               
1     0000a038  _nsamples                       
1     0000a03a  _inv_nsamples                   
1     0000a03c  _inv_sqrt_nsamples              
1     0000a03e  _Alpha_State_Ptr                
1     0000a040  _A_Task_Ptr                     
1     0000a042  _B_Task_Ptr                     
1     0000a044  _C_Task_Ptr                     
1     0000a046  _Dmax_I                         
1     0000a048  _IL_raw                         
1     0000a04a  _IL                             
1     0000a04c  _Ics                            
1     0000a04e  _IL_avg                         
1     0000a050  _Vb_fb                          
1     0000a052  _Vb_fb_Avg                      
1     0000a054  _Vp_fb                          
1     0000a056  _Vp_fb_Avg                      
1     0000a058  _DutyA                          
1     0000a05a  _DutyLLC                        
1     0000a05c  _Boost_IL_cmd                   
1     0000a05e  _Duty4A                         
1     0000a060  _VpvRef                         
1     0000a062  _VpvRef_MPPT                    
1     0000a064  _PanelPower                     
1     0000a066  _PanelPower_Prev                
1     0000a068  _Powerdiff                      
1     0000a06a  _temp_zero                      
1     0000a06c  _Pgain_I                        
1     0000a06e  _Igain_I                        
1     0000a070  _Dgain_I                        
1     0000a072  _Pgain_V                        
1     0000a074  _Igain_V                        
1     0000a076  _Dgain_V                        
1     0000a078  _Dmax_V                         
1     0000a07a  _HistPtr                        
1     0000a07c  _temp_Scratch                   
1     0000a07e  _LinDebugTimer                  
1     0000a080  _LinL0IntCount                  
1     0000a082  _mppt_pno1                      
1     0000a098  _mppt_incc1                     
1     0000a0ba  _CmdPacket                      
1     0000a0c0  _CmdDispatcher                  
1     0000a0e0  _arrayGetList                   
1     0000a100  _varGetList                     
1     0000a120  _varSetBtnList                  
1     0000a140  _varSetSldrList                 
1     0000a160  _varSetTxtList                  
1     0000a180  _sdataALin                      
1     0000a181  _rdataALin                      
1     0000a182  _iLin                           
1     0000a183  _errorcount                     
1     0000a184  _Gui_wSysMode                   
1     0000a185  _Gui_wLLCOutputVolt             
1     0000a186  _Gui_wTurnOn                    
1     0000a187  _Gui_wTurnOff                   
1     0000a188  _Gui_wMPPT_OnOff                
1     0000a189  _LinTestTemp                    
1     0000a18a  _LinTestTemp2                   
1     0000a18c  _LinL0IntVect                   
1     0000a18e  _RcvTaskPointerLin              
1     0000a190  _Gui_wPanelVolt                 
1     0000a192  _Gui_wPanelCurrent              
1     0000a194  _Gui_wBoostOutputVolt           
1     0000a196  _Gui_wPanelOutputPower          
1     0000a198  _Gui_wMPPT_Status               
1     0000a19a  _LowByteFlag                    
1     0000a19b  _SendTaskPtr                    
1     0000a19c  _RxChar                         
1     0000a19d  _RxWord                         
1     0000a19e  _TaskDoneFlag                   
1     0000a19f  _NumWords                       
1     0000a1a0  _wordsLeftToGet                 
1     0000a1a1  _dataOut                        
1     0000a1a2  _RcvTskPtrShdw                  
1     0000a1a3  _delayer                        
1     0000a1a4  _MemGetPtr                      
1     0000a1a5  _MemGetAmount                   
1     0000a1a6  _RcvTaskPointer                 
1     0000a1a8  _memDataPtr                     
1     0000a1aa  _MemGetAddress                  
1     0000a1ac  _Temp                           
1     0000a1ae  _ACQPS                          
1     0000a1be  _CmdPacketLin                   
1     0000a1c0  _ChSel                          
1     0000a1d0  _TrigSel                        
1     0000a1e0  _ePWM                           
1     0000a1f0  _Comp                           
1     0000a1f8  _Hist_IL                        
1     0000a200  _Hist_Vb_fb                     
1     0000a208  _Hist_Vp_fb                     
1     0000a210  ___TI_enable_exit_profile_output
1     0000a212  ___TI_cleanup_ptr               
1     0000a214  ___TI_dtors_ptr                 
1     0000a216  _VTimer0                        
1     0000a21a  _VTimer1                        
1     0000a21e  _VTimer2                        
1     0000a222  __lock                          
1     0000a224  __unlock                        
1     003d7e80  _PartIdRegs                     
1     003f7ff8  _CsmPwl                         
abs   00000380  __STACK_SIZE                    
abs   ffffffff  ___TI_pprof_out_hndl            
abs   ffffffff  ___TI_prof_data_size            
abs   ffffffff  ___TI_prof_data_start           
abs   ffffffff  ___binit__                      
abs   ffffffff  ___c_args__                     
abs   ffffffff  ___pinit__                      
abs   ffffffff  binit                           
abs   ffffffff  pinit                           

[390 symbols]
